Component: ARM Compiler 5.06 update 7 (build 960) Tool: armlink [4d3601]

==============================================================================

Section Cross References

    startup_stm32g431xx.o(STACK) refers (Special) to heapauxi.o(.text) for __use_two_region_memory
    startup_stm32g431xx.o(HEAP) refers (Special) to heapauxi.o(.text) for __use_two_region_memory
    startup_stm32g431xx.o(RESET) refers (Special) to heapauxi.o(.text) for __use_two_region_memory
    startup_stm32g431xx.o(RESET) refers to startup_stm32g431xx.o(STACK) for __initial_sp
    startup_stm32g431xx.o(RESET) refers to startup_stm32g431xx.o(.text) for Reset_Handler
    startup_stm32g431xx.o(RESET) refers to stm32g4xx_it.o(i.NMI_Handler) for NMI_Handler
    startup_stm32g431xx.o(RESET) refers to stm32g4xx_it.o(i.HardFault_Handler) for HardFault_Handler
    startup_stm32g431xx.o(RESET) refers to stm32g4xx_it.o(i.MemManage_Handler) for MemManage_Handler
    startup_stm32g431xx.o(RESET) refers to stm32g4xx_it.o(i.BusFault_Handler) for BusFault_Handler
    startup_stm32g431xx.o(RESET) refers to stm32g4xx_it.o(i.UsageFault_Handler) for UsageFault_Handler
    startup_stm32g431xx.o(RESET) refers to stm32g4xx_it.o(i.SVC_Handler) for SVC_Handler
    startup_stm32g431xx.o(RESET) refers to stm32g4xx_it.o(i.DebugMon_Handler) for DebugMon_Handler
    startup_stm32g431xx.o(RESET) refers to stm32g4xx_it.o(i.PendSV_Handler) for PendSV_Handler
    startup_stm32g431xx.o(RESET) refers to stm32g4xx_it.o(i.SysTick_Handler) for SysTick_Handler
    startup_stm32g431xx.o(RESET) refers to stm32g4xx_it.o(i.DMA1_Channel1_IRQHandler) for DMA1_Channel1_IRQHandler
    startup_stm32g431xx.o(RESET) refers to stm32g4xx_it.o(i.DMA1_Channel2_IRQHandler) for DMA1_Channel2_IRQHandler
    startup_stm32g431xx.o(RESET) refers to stm32g4xx_it.o(i.TIM1_UP_TIM16_IRQHandler) for TIM1_UP_TIM16_IRQHandler
    startup_stm32g431xx.o(RESET) refers to stm32g4xx_it.o(i.USART2_IRQHandler) for USART2_IRQHandler
    startup_stm32g431xx.o(RESET) refers to stm32g4xx_it.o(i.EXTI15_10_IRQHandler) for EXTI15_10_IRQHandler
    startup_stm32g431xx.o(RESET) refers to stm32g4xx_it.o(i.TIM6_DAC_IRQHandler) for TIM6_DAC_IRQHandler
    startup_stm32g431xx.o(RESET) refers to stm32g4xx_it.o(i.TIM7_IRQHandler) for TIM7_IRQHandler
    startup_stm32g431xx.o(.text) refers (Special) to heapauxi.o(.text) for __use_two_region_memory
    startup_stm32g431xx.o(.text) refers to system_stm32g4xx.o(i.SystemInit) for SystemInit
    startup_stm32g431xx.o(.text) refers to __main.o(!!!main) for __main
    startup_stm32g431xx.o(.text) refers to startup_stm32g431xx.o(HEAP) for Heap_Mem
    startup_stm32g431xx.o(.text) refers to startup_stm32g431xx.o(STACK) for Stack_Mem
    main.o(i.SystemClock_Config) refers to main.o(i.LL_RCC_SetAHBPrescaler) for LL_RCC_SetAHBPrescaler
    main.o(i.SystemClock_Config) refers to stm32g4xx_ll_utils.o(i.LL_SetSystemCoreClock) for LL_SetSystemCoreClock
    main.o(i.SystemClock_Config) refers to stm32g4xx_hal.o(i.HAL_InitTick) for HAL_InitTick
    main.o(i.main) refers to stm32g4xx_hal.o(i.HAL_Init) for HAL_Init
    main.o(i.main) refers to main.o(i.SystemClock_Config) for SystemClock_Config
    main.o(i.main) refers to gpio.o(i.MX_GPIO_Init) for MX_GPIO_Init
    main.o(i.main) refers to dma.o(i.MX_DMA_Init) for MX_DMA_Init
    main.o(i.main) refers to fdcan.o(i.MX_FDCAN1_Init) for MX_FDCAN1_Init
    main.o(i.main) refers to i2c.o(i.MX_I2C1_Init) for MX_I2C1_Init
    main.o(i.main) refers to spi.o(i.MX_SPI2_Init) for MX_SPI2_Init
    main.o(i.main) refers to tim.o(i.MX_TIM16_Init) for MX_TIM16_Init
    main.o(i.main) refers to tim.o(i.MX_TIM17_Init) for MX_TIM17_Init
    main.o(i.main) refers to tim.o(i.MX_TIM2_Init) for MX_TIM2_Init
    main.o(i.main) refers to tim.o(i.MX_TIM6_Init) for MX_TIM6_Init
    main.o(i.main) refers to tim.o(i.MX_TIM7_Init) for MX_TIM7_Init
    main.o(i.main) refers to usart.o(i.MX_USART2_UART_Init) for MX_USART2_UART_Init
    main.o(i.main) refers to ws2812.o(i.led_init) for led_init
    main.o(i.main) refers to bsp_fdcan.o(i.FDCAN_Config) for FDCAN_Config
    main.o(i.main) refers to magic.o(i.IMU_Connection_Check) for IMU_Connection_Check
    main.o(i.main) refers to mmc5983ma.o(i.MMC5983MA_Check) for MMC5983MA_Check
    main.o(i.main) refers to temp.o(i.Temp_Init) for Temp_Init
    main.o(i.main) refers to usart.o(i.Fixed_Time_UART2) for Fixed_Time_UART2
    gpio.o(i.MX_GPIO_Init) refers to rt_memclr_w.o(.text) for __aeabi_memclr4
    gpio.o(i.MX_GPIO_Init) refers to gpio.o(i.LL_AHB2_GRP1_EnableClock) for LL_AHB2_GRP1_EnableClock
    gpio.o(i.MX_GPIO_Init) refers to stm32g4xx_ll_gpio.o(i.LL_GPIO_Init) for LL_GPIO_Init
    gpio.o(i.MX_GPIO_Init) refers to stm32g4xx_ll_exti.o(i.LL_EXTI_Init) for LL_EXTI_Init
    dma.o(i.MX_DMA_Init) refers to dma.o(i.LL_AHB1_GRP1_EnableClock) for LL_AHB1_GRP1_EnableClock
    dma.o(i.MX_DMA_Init) refers to stm32g4xx_hal_cortex.o(i.HAL_NVIC_SetPriority) for HAL_NVIC_SetPriority
[...]
    __scatterload_copy                       0x08000215   Thumb Code    26  __scatter_copy.o(!!handler_copy)
    __scatterload_zeroinit                   0x08000231   Thumb Code    28  __scatter_zi.o(!!handler_zi)
    __rt_lib_init                            0x0800024d   Thumb Code     0  libinit.o(.ARM.Collect$$libinit$$00000000)
    __rt_lib_init_fp_1                       0x0800024f   Thumb Code     0  libinit2.o(.ARM.Collect$$libinit$$00000001)
    __rt_lib_init_alloca_1                   0x08000253   Thumb Code     0  libinit2.o(.ARM.Collect$$libinit$$0000002E)
    __rt_lib_init_argv_1                     0x08000253   Thumb Code     0  libinit2.o(.ARM.Collect$$libinit$$0000002C)
    __rt_lib_init_atexit_1                   0x08000253   Thumb Code     0  libinit2.o(.ARM.Collect$$libinit$$0000001B)
    __rt_lib_init_clock_1                    0x08000253   Thumb Code     0  libinit2.o(.ARM.Collect$$libinit$$00000021)
    __rt_lib_init_cpp_1                      0x08000253   Thumb Code     0  libinit2.o(.ARM.Collect$$libinit$$00000032)
    __rt_lib_init_exceptions_1               0x08000253   Thumb Code     0  libinit2.o(.ARM.Collect$$libinit$$00000030)
    __rt_lib_init_fp_trap_1                  0x08000253   Thumb Code     0  libinit2.o(.ARM.Collect$$libinit$$0000001F)
    __rt_lib_init_getenv_1                   0x08000253   Thumb Code     0  libinit2.o(.ARM.Collect$$libinit$$00000023)
    __rt_lib_init_heap_1                     0x08000253   Thumb Code     0  libinit2.o(.ARM.Collect$$libinit$$0000000A)
    __rt_lib_init_lc_collate_1               0x08000253   Thumb Code     0  libinit2.o(.ARM.Collect$$libinit$$00000011)
    __rt_lib_init_lc_ctype_1                 0x08000253   Thumb Code     0  libinit2.o(.ARM.Collect$$libinit$$00000013)
    __rt_lib_init_lc_monetary_1              0x08000253   Thumb Code     0  libinit2.o(.ARM.Collect$$libinit$$00000015)
    __rt_lib_init_lc_numeric_1               0x08000253   Thumb Code     0  libinit2.o(.ARM.Collect$$libinit$$00000017)
    __rt_lib_init_lc_time_1                  0x08000253   Thumb Code     0  libinit2.o(.ARM.Collect$$libinit$$00000019)
    __rt_lib_init_preinit_1                  0x08000253   Thumb Code     0  libinit2.o(.ARM.Collect$$libinit$$00000004)
    __rt_lib_init_rand_1                     0x08000253   Thumb Code     0  libinit2.o(.ARM.Collect$$libinit$$0000000E)
    __rt_lib_init_return                     0x08000253   Thumb Code     0  libinit2.o(.ARM.Collect$$libinit$$00000033)
    __rt_lib_init_signal_1                   0x08000253   Thumb Code     0  libinit2.o(.ARM.Collect$$libinit$$0000001D)
    __rt_lib_init_stdio_1                    0x08000253   Thumb Code     0  libinit2.o(.ARM.Collect$$libinit$$00000025)
    __rt_lib_init_user_alloc_1               0x08000253   Thumb Code     0  libinit2.o(.ARM.Collect$$libinit$$0000000C)
    __rt_lib_shutdown                        0x08000255   Thumb Code     0  libshutdown.o(.ARM.Collect$$libshutdown$$00000000)
    __rt_lib_shutdown_cpp_1                  0x08000257   Thumb Code     0  libshutdown2.o(.ARM.Collect$$libshutdown$$00000004)
    __rt_lib_shutdown_fini_1                 0x08000257   Thumb Code     0  libshutdown2.o(.ARM.Collect$$libshutdown$$00000002)
    __rt_lib_shutdown_fp_trap_1              0x08000257   Thumb Code     0  libshutdown2.o(.ARM.Collect$$libshutdown$$00000009)
    __rt_lib_shutdown_heap_1                 0x08000257   Thumb Code     0  libshutdown2.o(.ARM.Collect$$libshutdown$$00000011)
    __rt_lib_shutdown_return                 0x08000257   Thumb Code     0  libshutdown2.o(.ARM.Collect$$libshutdown$$00000012)
    __rt_lib_shutdown_signal_1               0x08000257   Thumb Code     0  libshutdown2.o(.ARM.Collect$$libshutdown$$0000000C)
    __rt_lib_shutdown_stdio_1                0x08000257   Thumb Code     0  libshutdown2.o(.ARM.Collect$$libshutdown$$00000006)
    __rt_lib_shutdown_user_alloc_1           0x08000257   Thumb Code     0  libshutdown2.o(.ARM.Collect$$libshutdown$$0000000E)
    __rt_entry                               0x08000259   Thumb Code     0  __rtentry.o(.ARM.Collect$$rtentry$$00000000)
    __rt_entry_presh_1                       0x08000259   Thumb Code     0  __rtentry2.o(.ARM.Collect$$rtentry$$00000002)
    __rt_entry_sh                            0x08000259   Thumb Code     0  __rtentry4.o(.ARM.Collect$$rtentry$$00000004)
    __rt_entry_li                            0x0800025f   Thumb Code     0  __rtentry2.o(.ARM.Collect$$rtentry$$0000000A)
    __rt_entry_postsh_1                      0x0800025f   Thumb Code     0  __rtentry2.o(.ARM.Collect$$rtentry$$00000009)
    __rt_entry_main                          0x08000263   Thumb Code     0  __rtentry2.o(.ARM.Collect$$rtentry$$0000000D)
    __rt_entry_postli_1                      0x08000263   Thumb Code     0  __rtentry2.o(.ARM.Collect$$rtentry$$0000000C)
    __rt_exit                                0x0800026b   Thumb Code     0  rtexit.o(.ARM.Collect$$rtexit$$00000000)
    __rt_exit_ls                             0x0800026d   Thumb Code     0  rtexit2.o(.ARM.Collect$$rtexit$$00000003)
    __rt_exit_prels_1                        0x0800026d   Thumb Code     0  rtexit2.o(.ARM.Collect$$rtexit$$00000002)
    __rt_exit_exit                           0x08000271   Thumb Code     0  rtexit2.o(.ARM.Collect$$rtexit$$00000004)
    Reset_Handler                            0x08000279   Thumb Code     8  startup_stm32g431xx.o(.text)
    ADC1_2_IRQHandler                        0x08000293   Thumb Code     0  startup_stm32g431xx.o(.text)
    COMP1_2_3_IRQHandler                     0x08000293   Thumb Code     0  startup_stm32g431xx.o(.text)
    COMP4_IRQHandler                         0x08000293   Thumb Code     0  startup_stm32g431xx.o(.text)
    CORDIC_IRQHandler                        0x08000293   Thumb Code     0  startup_stm32g431xx.o(.text)
    CRS_IRQHandler                           0x08000293   Thumb Code     0  startup_stm32g431xx.o(.text)
    DMA1_Channel3_IRQHandler                 0x08000293   Thumb Code     0  startup_stm32g431xx.o(.text)
    DMA1_Channel4_IRQHandler                 0x08000293   Thumb Code     0  startup_stm32g431xx.o(.text)
    DMA1_Channel5_IRQHandler                 0x08000293   Thumb Code     0  startup_stm32g431xx.o(.text)
    DMA1_Channel6_IRQHandler                 0x08000293   Thumb Code     0  startup_stm32g431xx.o(.text)
    DMA2_Channel1_IRQHandler                 0x08000293   Thumb Code     0  startup_stm32g431xx.o(.text)
    DMA2_Channel2_IRQHandler                 0x08000293   Thumb Code     0  startup_stm32g431xx.o(.text)
    DMA2_Channel3_IRQHandler                 0x08000293   Thumb Code     0  startup_stm32g431xx.o(.text)
    DMA2_Channel4_IRQHandler                 0x08000293   Thumb Code     0  startup_stm32g431xx.o(.text)
    DMA2_Channel5_IRQHandler                 0x08000293   Thumb Code     0  startup_stm32g431xx.o(.text)
    DMA2_Channel6_IRQHandler                 0x08000293   Thumb Code     0  startup_stm32g431xx.o(.text)
    DMAMUX_OVR_IRQHandler                    0x08000293   Thumb Code     0  startup_stm32g431xx.o(.text)
    EXTI0_IRQHandler                         0x08000293   Thumb Code     0  startup_stm32g431xx.o(.text)
    EXTI1_IRQHandler                         0x08000293   Thumb Code     0  startup_stm32g431xx.o(.text)
    EXTI2_IRQHandler                         0x08000293   Thumb Code     0  startup_stm32g431xx.o(.text)
    EXTI3_IRQHandler                         0x08000293   Thumb Code     0  startup_stm32g431xx.o(.text)
    EXTI4_IRQHandler                         0x08000293   Thumb Code     0  startup_stm32g431xx.o(.text)
    EXTI9_5_IRQHandler                       0x08000293   Thumb Code     0  startup_stm32g431xx.o(.text)
    FDCAN1_IT0_IRQHandler                    0x08000293   Thumb Code     0  startup_stm32g431xx.o(.text)
    FDCAN1_IT1_IRQHandler                    0x08000293   Thumb Code     0  startup_stm32g431xx.o(.text)
    FLASH_IRQHandler                         0x08000293   Thumb Code     0  startup_stm32g431xx.o(.text)
    FMAC_IRQHandler                          0x08000293   Thumb Code     0  startup_stm32g431xx.o(.text)
    FPU_IRQHandler                           0x08000293   Thumb Code     0  startup_stm32g431xx.o(.text)
    I2C1_ER_IRQHandler                       0x08000293   Thumb Code     0  startup_stm32g431xx.o(.text)
    I2C1_EV_IRQHandler                       0x08000293   Thumb Code     0  startup_stm32g431xx.o(.text)
    I2C2_ER_IRQHandler                       0x08000293   Thumb Code     0  startup_stm32g431xx.o(.text)
    I2C2_EV_IRQHandler                       0x08000293   Thumb Code     0  startup_stm32g431xx.o(.text)
    I2C3_ER_IRQHandler                       0x08000293   Thumb Code     0  startup_stm32g431xx.o(.text)
    I2C3_EV_IRQHandler                       0x08000293   Thumb Code     0  startup_stm32g431xx.o(.text)
    LPTIM1_IRQHandler                        0x08000293   Thumb Code     0  startup_stm32g431xx.o(.text)
    LPUART1_IRQHandler                       0x08000293   Thumb Code     0  startup_stm32g431xx.o(.text)
    PVD_PVM_IRQHandler                       0x08000293   Thumb Code     0  startup_stm32g431xx.o(.text)
    RCC_IRQHandler                           0x08000293   Thumb Code     0  startup_stm32g431xx.o(.text)
    RNG_IRQHandler                           0x08000293   Thumb Code     0  startup_stm32g431xx.o(.text)
    RTC_Alarm_IRQHandler                     0x08000293   Thumb Code     0  startup_stm32g431xx.o(.text)
    RTC_TAMP_LSECSS_IRQHandler               0x08000293   Thumb Code     0  startup_stm32g431xx.o(.text)
    RTC_WKUP_IRQHandler                      0x08000293   Thumb Code     0  startup_stm32g431xx.o(.text)
    SAI1_IRQHandler                          0x08000293   Thumb Code     0  startup_stm32g431xx.o(.text)
    SPI1_IRQHandler                          0x08000293   Thumb Code     0  startup_stm32g431xx.o(.text)
    SPI2_IRQHandler                          0x08000293   Thumb Code     0  startup_stm32g431xx.o(.text)
    SPI3_IRQHandler                          0x08000293   Thumb Code     0  startup_stm32g431xx.o(.text)
    TIM1_BRK_TIM15_IRQHandler                0x08000293   Thumb Code     0  startup_stm32g431xx.o(.text)
    TIM1_CC_IRQHandler                       0x08000293   Thumb Code     0  startup_stm32g431xx.o(.text)
    TIM1_TRG_COM_TIM17_IRQHandler            0x08000293   Thumb Code     0  startup_stm32g431xx.o(.text)
    TIM2_IRQHandler                          0x08000293   Thumb Code     0  startup_stm32g431xx.o(.text)
    TIM3_IRQHandler                          0x08000293   Thumb Code     0  startup_stm32g431xx.o(.text)
    TIM4_IRQHandler                          0x08000293   Thumb Code     0  startup_stm32g431xx.o(.text)
    TIM8_BRK_IRQHandler                      0x08000293   Thumb Code     0  startup_stm32g431xx.o(.text)
    TIM8_CC_IRQHandler                       0x08000293   Thumb Code     0  startup_stm32g431xx.o(.text)
    TIM8_TRG_COM_IRQHandler                  0x08000293   Thumb Code     0  startup_stm32g431xx.o(.text)
    TIM8_UP_IRQHandler                       0x08000293   Thumb Code     0  startup_stm32g431xx.o(.text)
    UART4_IRQHandler                         0x08000293   Thumb Code     0  startup_stm32g431xx.o(.text)
    UCPD1_IRQHandler                         0x08000293   Thumb Code     0  startup_stm32g431xx.o(.text)
    USART1_IRQHandler                        0x08000293   Thumb Code     0  startup_stm32g431xx.o(.text)
    USART3_IRQHandler                        0x08000293   Thumb Code     0  startup_stm32g431xx.o(.text)
    USBWakeUp_IRQHandler                     0x08000293   Thumb Code     0  startup_stm32g431xx.o(.text)
    USB_HP_IRQHandler                        0x08000293   Thumb Code     0  startup_stm32g431xx.o(.text)
    USB_LP_IRQHandler                        0x08000293   Thumb Code     0  startup_stm32g431xx.o(.text)
    WWDG_IRQHandler                          0x08000293   Thumb Code     0  startup_stm32g431xx.o(.text)
    __user_initial_stackheap                 0x08000295   Thumb Code     0  startup_stm32g431xx.o(.text)
    __aeabi_uldivmod                         0x080002b9   Thumb Code     0  lludivv7m.o(.text)
    _ll_udiv                                 0x080002b9   Thumb Code   238  lludivv7m.o(.text)
    __aeabi_memmove                          0x080003a7   Thumb Code     0  rt_memmove_v6.o(.text)
    __rt_memmove                             0x080003a7   Thumb Code   132  rt_memmove_v6.o(.text)
    __memmove_lastfew                        0x08000407   Thumb Code     0  rt_memmove_v6.o(.text)
    __aeabi_memcpy4                          0x0800042b   Thumb Code     0  rt_memcpy_w.o(.text)
    __aeabi_memcpy8                          0x0800042b   Thumb Code     0  rt_memcpy_w.o(.text)
    __rt_memcpy_w                            0x0800042b   Thumb Code   100  rt_memcpy_w.o(.text)
    _memcpy_lastbytes_aligned                0x08000473   Thumb Code     0  rt_memcpy_w.o(.text)
    __aeabi_memclr                           0x0800048f   Thumb Code     0  rt_memclr.o(.text)
    __rt_memclr                              0x0800048f   Thumb Code    68  rt_memclr.o(.text)
    _memset                                  0x08000493   Thumb Code     0  rt_memclr.o(.text)
    __aeabi_memclr4                          0x080004d3   Thumb Code     0  rt_memclr_w.o(.text)
    __aeabi_memclr8                          0x080004d3   Thumb Code     0  rt_memclr_w.o(.text)
    __rt_memclr_w                            0x080004d3   Thumb Code    78  rt_memclr_w.o(.text)
    _memset_w                                0x080004d7   Thumb Code     0  rt_memclr_w.o(.text)
    __use_two_region_memory                  0x08000521   Thumb Code     2  heapauxi.o(.text)
    __rt_heap_escrow                         0x08000523   Thumb Code     2  heapauxi.o(.text)
    __rt_heap_expand                         0x08000525   Thumb Code     2  heapauxi.o(.text)
    __read_errno                             0x08000527   Thumb Code    10  _rserrno.o(.text)
    __set_errno                              0x08000531   Thumb Code    12  _rserrno.o(.text)
    __aeabi_memcpy                           0x0800053d   Thumb Code     0  rt_memcpy_v6.o(.text)
    __rt_memcpy                              0x0800053d   Thumb Code   138  rt_memcpy_v6.o(.text)
    _memcpy_lastbytes                        0x080005a3   Thumb Code     0  rt_memcpy_v6.o(.text)
    __aeabi_memmove4                         0x080005c7   Thumb Code     0  rt_memmove_w.o(.text)
    __aeabi_memmove8                         0x080005c7   Thumb Code     0  rt_memmove_w.o(.text)
    __rt_memmove_w                           0x080005c7   Thumb Code   122  rt_memmove_w.o(.text)
    __memmove_aligned                        0x080005ed   Thumb Code     0  rt_memmove_w.o(.text)
    __memmove_lastfew_aligned                0x08000625   Thumb Code     0  rt_memmove_w.o(.text)
    __aeabi_errno_addr                       0x08000641   Thumb Code     8  rt_errno_addr_intlibspace.o(.text)
    __errno$intlibspace                      0x08000641   Thumb Code     0  rt_errno_addr_intlibspace.o(.text)
    __rt_errno_addr$intlibspace              0x08000641   Thumb Code     0  rt_errno_addr_intlibspace.o(.text)
    __user_libspace                          0x08000649   Thumb Code     8  libspace.o(.text)
    __user_perproc_libspace                  0x08000649   Thumb Code     0  libspace.o(.text)
    __user_perthread_libspace                0x08000649   Thumb Code     0  libspace.o(.text)
    __user_setup_stackheap                   0x08000651   Thumb Code    74  sys_stackheap_outer.o(.text)
    exit                                     0x0800069b   Thumb Code    18  exit.o(.text)
    __I$use$semihosting                      0x080006ad   Thumb Code     0  use_no_semi.o(.text)
    __use_no_semihosting_swi                 0x080006ad   Thumb Code     2  use_no_semi.o(.text)
    __semihosting_library_function           0x080006af   Thumb Code     0  indicate_semi.o(.text)
    _sys_exit                                0x080006b1   Thumb Code     8  sys_exit.o(.text)
    BusFault_Handler                         0x080006bd   Thumb Code     2  stm32g4xx_it.o(i.BusFault_Handler)
    Color_Yaw                                0x080006c1   Thumb Code   294  ws2812.o(i.Color_Yaw)
    DMA1_Ch1_1_IRQHandler                    0x08000811   Thumb Code    72  ws2812.o(i.DMA1_Ch1_1_IRQHandler)
    DMA1_Channel1_IRQHandler                 0x08000861   Thumb Code     4  stm32g4xx_it.o(i.DMA1_Channel1_IRQHandler)
    DMA1_Channel2_IRQHandler                 0x08000865   Thumb Code     6  stm32g4xx_it.o(i.DMA1_Channel2_IRQHandler)
    DebugMon_Handler                         0x08000913   Thumb Code     2  stm32g4xx_it.o(i.DebugMon_Handler)
    EXTI15_10_IRQHandler                     0x08000915   Thumb Code    22  stm32g4xx_it.o(i.EXTI15_10_IRQHandler)
    Error_Handler                            0x08000931   Thumb Code     4  main.o(i.Error_Handler)
    FDCAN_Config                             0x08000935   Thumb Code   110  bsp_fdcan.o(i.FDCAN_Config)
    Fixed_Time_FDCAN                         0x08000a1d   Thumb Code   210  bsp_fdcan.o(i.Fixed_Time_FDCAN)
    Fixed_Time_UART2                         0x08000b05   Thumb Code    20  usart.o(i.Fixed_Time_UART2)
    FusionAhrsGetEarthAcceleration           0x08000b1d   Thumb Code   166  fusionahrs.o(i.FusionAhrsGetEarthAcceleration)
    FusionAhrsGetLinearAcceleration          0x08000bc3   Thumb Code    80  fusionahrs.o(i.FusionAhrsGetLinearAcceleration)
    FusionAhrsGetQuaternion                  0x08000c13   Thumb Code     8  fusionahrs.o(i.FusionAhrsGetQuaternion)
    FusionAhrsInitialise                     0x08000c1d   Thumb Code    28  fusionahrs.o(i.FusionAhrsInitialise)
    FusionAhrsReset                          0x08000c3d   Thumb Code    70  fusionahrs.o(i.FusionAhrsReset)
    FusionAhrsSetHeading                     0x08000c89   Thumb Code   202  fusionahrs.o(i.FusionAhrsSetHeading)
    FusionAhrsSetSettings                    0x08000d55   Thumb Code   172  fusionahrs.o(i.FusionAhrsSetSettings)
    FusionAhrsUpdate                         0x08000e05   Thumb Code   872  fusionahrs.o(i.FusionAhrsUpdate)
    FusionAhrsUpdateNoMagnetometer           0x0800116d   Thumb Code    58  fusionahrs.o(i.FusionAhrsUpdateNoMagnetometer)
    FusionCompassCalculateHeading            0x08001211   Thumb Code    76  fusioncompass.o(i.FusionCompassCalculateHeading)
    FusionOffsetInitialise                   0x08001309   Thumb Code    46  fusionoffset.o(i.FusionOffsetInitialise)
    FusionOffsetUpdate                       0x0800133d   Thumb Code   142  fusionoffset.o(i.FusionOffsetUpdate)
    HAL_DMA_Abort                            0x080015b3   Thumb Code   106  stm32g4xx_hal_dma.o(i.HAL_DMA_Abort)
    HAL_DMA_Abort_IT                         0x0800161d   Thumb Code   120  stm32g4xx_hal_dma.o(i.HAL_DMA_Abort_IT)
    HAL_DMA_IRQHandler                       0x08001695   Thumb Code   186  stm32g4xx_hal_dma.o(i.HAL_DMA_IRQHandler)
    HAL_DMA_Init                             0x08001751   Thumb Code   178  stm32g4xx_hal_dma.o(i.HAL_DMA_Init)
    HAL_DMA_Start_IT                         0x08001811   Thumb Code   140  stm32g4xx_hal_dma.o(i.HAL_DMA_Start_IT)
    HAL_FDCAN_ActivateNotification           0x0800189d   Thumb Code   224  stm32g4xx_hal_fdcan.o(i.HAL_FDCAN_ActivateNotification)
    HAL_FDCAN_AddMessageToTxFifoQ            0x0800197d   Thumb Code    74  stm32g4xx_hal_fdcan.o(i.HAL_FDCAN_AddMessageToTxFifoQ)
    HAL_FDCAN_ConfigFilter                   0x080019c7   Thumb Code    92  stm32g4xx_hal_fdcan.o(i.HAL_FDCAN_ConfigFilter)
    HAL_FDCAN_ConfigGlobalFilter             0x08001a23   Thumb Code    54  stm32g4xx_hal_fdcan.o(i.HAL_FDCAN_ConfigGlobalFilter)
    HAL_FDCAN_Init                           0x08001a59   Thumb Code   498  stm32g4xx_hal_fdcan.o(i.HAL_FDCAN_Init)
    HAL_FDCAN_MspInit                        0x08001c5d   Thumb Code   104  fdcan.o(i.HAL_FDCAN_MspInit)
    HAL_FDCAN_Start                          0x08001ccd   Thumb Code    44  stm32g4xx_hal_fdcan.o(i.HAL_FDCAN_Start)
    HAL_GPIO_Init                            0x08001cf9   Thumb Code   550  stm32g4xx_hal_gpio.o(i.HAL_GPIO_Init)
    HAL_GetTick                              0x08001f41   Thumb Code     6  stm32g4xx_hal.o(i.HAL_GetTick)
    HAL_I2CEx_ConfigAnalogFilter             0x08001f4d   Thumb Code    86  stm32g4xx_hal_i2c_ex.o(i.HAL_I2CEx_ConfigAnalogFilter)
    HAL_I2CEx_ConfigDigitalFilter            0x08001fa3   Thumb Code    82  stm32g4xx_hal_i2c_ex.o(i.HAL_I2CEx_ConfigDigitalFilter)
    HAL_I2C_Init                             0x08001ff5   Thumb Code   178  stm32g4xx_hal_i2c.o(i.HAL_I2C_Init)
    HAL_I2C_Mem_Read                         0x080020ad   Thumb Code   346  stm32g4xx_hal_i2c.o(i.HAL_I2C_Mem_Read)
    HAL_I2C_Mem_Write                        0x08002211   Thumb Code   340  stm32g4xx_hal_i2c.o(i.HAL_I2C_Mem_Write)
    HAL_I2C_MspInit                          0x08002369   Thumb Code   140  i2c.o(i.HAL_I2C_MspInit)
    HAL_IncTick                              0x08002401   Thumb Code    12  stm32g4xx_hal.o(i.HAL_IncTick)
    HAL_Init                                 0x08002411   Thumb Code    30  stm32g4xx_hal.o(i.HAL_Init)
    HAL_InitTick                             0x08002431   Thumb Code    58  stm32g4xx_hal.o(i.HAL_InitTick)
    HAL_MspInit                              0x08002475   Thumb Code    42  stm32g4xx_hal_msp.o(i.HAL_MspInit)
    HAL_NVIC_EnableIRQ                       0x080024a5   Thumb Code    26  stm32g4xx_hal_cortex.o(i.HAL_NVIC_EnableIRQ)
    HAL_NVIC_SetPriority                     0x080024c1   Thumb Code    60  stm32g4xx_hal_cortex.o(i.HAL_NVIC_SetPriority)
    HAL_NVIC_SetPriorityGrouping             0x08002501   Thumb Code    26  stm32g4xx_hal_cortex.o(i.HAL_NVIC_SetPriorityGrouping)
    HAL_PWREx_DisableUCPDDeadBattery         0x08002525   Thumb Code    12  stm32g4xx_hal_pwr_ex.o(i.HAL_PWREx_DisableUCPDDeadBattery)
    HAL_RCC_GetPCLK1Freq                     0x08002535   Thumb Code    24  stm32g4xx_hal_rcc.o(i.HAL_RCC_GetPCLK1Freq)
    HAL_RCC_GetPCLK2Freq                     0x08002559   Thumb Code    24  stm32g4xx_hal_rcc.o(i.HAL_RCC_GetPCLK2Freq)
    HAL_RCC_GetSysClockFreq                  0x0800257d   Thumb Code    98  stm32g4xx_hal_rcc.o(i.HAL_RCC_GetSysClockFreq)
    HAL_SPI_GetState                         0x080025e9   Thumb Code     6  stm32g4xx_hal_spi.o(i.HAL_SPI_GetState)
    HAL_SPI_Init                             0x080025ef   Thumb Code   234  stm32g4xx_hal_spi.o(i.HAL_SPI_Init)
    HAL_SPI_MspInit                          0x080026d9   Thumb Code    88  spi.o(i.HAL_SPI_MspInit)
    HAL_SPI_Receive                          0x0800273d   Thumb Code   392  stm32g4xx_hal_spi.o(i.HAL_SPI_Receive)
    HAL_SPI_Transmit                         0x080028c5   Thumb Code   392  stm32g4xx_hal_spi.o(i.HAL_SPI_Transmit)
    HAL_SPI_TransmitReceive                  0x08002a4d   Thumb Code   610  stm32g4xx_hal_spi.o(i.HAL_SPI_TransmitReceive)
    HAL_SYSTICK_Config                       0x08002caf   Thumb Code    40  stm32g4xx_hal_cortex.o(i.HAL_SYSTICK_Config)
    HAL_UARTEx_DisableFifoMode               0x08002cd7   Thumb Code    62  stm32g4xx_hal_uart_ex.o(i.HAL_UARTEx_DisableFifoMode)
    HAL_UARTEx_RxEventCallback               0x08002d15   Thumb Code     2  stm32g4xx_hal_uart.o(i.HAL_UARTEx_RxEventCallback)
    HAL_UARTEx_RxFifoFullCallback            0x08002d17   Thumb Code     2  stm32g4xx_hal_uart_ex.o(i.HAL_UARTEx_RxFifoFullCallback)
    HAL_UARTEx_SetRxFifoThreshold            0x08002d19   Thumb Code    76  stm32g4xx_hal_uart_ex.o(i.HAL_UARTEx_SetRxFifoThreshold)
    HAL_UARTEx_SetTxFifoThreshold            0x08002d65   Thumb Code    76  stm32g4xx_hal_uart_ex.o(i.HAL_UARTEx_SetTxFifoThreshold)
    HAL_UARTEx_TxFifoEmptyCallback           0x08002db1   Thumb Code     2  stm32g4xx_hal_uart_ex.o(i.HAL_UARTEx_TxFifoEmptyCallback)
    HAL_UARTEx_WakeupCallback                0x08002db3   Thumb Code     2  stm32g4xx_hal_uart_ex.o(i.HAL_UARTEx_WakeupCallback)
    HAL_UART_ErrorCallback                   0x08002db5   Thumb Code     2  stm32g4xx_hal_uart.o(i.HAL_UART_ErrorCallback)
    HAL_UART_IRQHandler                      0x08002db9   Thumb Code   722  stm32g4xx_hal_uart.o(i.HAL_UART_IRQHandler)
    HAL_UART_Init                            0x08003099   Thumb Code   106  stm32g4xx_hal_uart.o(i.HAL_UART_Init)
    HAL_UART_MspInit                         0x08003105   Thumb Code   160  usart.o(i.HAL_UART_MspInit)
    HAL_UART_Transmit_DMA                    0x080031b5   Thumb Code   150  stm32g4xx_hal_uart.o(i.HAL_UART_Transmit_DMA)
    HAL_UART_TxCpltCallback                  0x08003259   Thumb Code    16  usart.o(i.HAL_UART_TxCpltCallback)
    HAL_UART_TxHalfCpltCallback              0x08003271   Thumb Code     2  stm32g4xx_hal_uart.o(i.HAL_UART_TxHalfCpltCallback)
    HardFault_Handler                        0x08003273   Thumb Code     2  stm32g4xx_it.o(i.HardFault_Handler)
    IIC_ReadByte                             0x080035a5   Thumb Code    48  mmc5983ma.o(i.IIC_ReadByte)
    IIC_ReadBytes                            0x080035d9   Thumb Code    32  mmc5983ma.o(i.IIC_ReadBytes)
    IIC_WriteByte                            0x080035fd   Thumb Code    32  mmc5983ma.o(i.IIC_WriteByte)
    IMU_Connection_Check                     0x08003621   Thumb Code   106  magic.o(i.IMU_Connection_Check)
    LL_EXTI_Init                             0x08003745   Thumb Code   318  stm32g4xx_ll_exti.o(i.LL_EXTI_Init)
    LL_GPIO_Init                             0x08003889   Thumb Code   310  stm32g4xx_ll_gpio.o(i.LL_GPIO_Init)
    LL_SetSystemCoreClock                    0x080039d5   Thumb Code     6  stm32g4xx_ll_utils.o(i.LL_SetSystemCoreClock)
    LL_TIM_BDTR_Init                         0x080039e1   Thumb Code   128  stm32g4xx_ll_tim.o(i.LL_TIM_BDTR_Init)
    LL_TIM_Init                              0x08003a69   Thumb Code   144  stm32g4xx_ll_tim.o(i.LL_TIM_Init)
    LL_TIM_OC_Init                           0x08003bfd   Thumb Code   302  stm32g4xx_ll_tim.o(i.LL_TIM_OC_Init)
    LL_mDelay                                0x08003d49   Thumb Code    30  stm32g4xx_ll_utils.o(i.LL_mDelay)
    MMC5983MA_Check                          0x08003d69   Thumb Code   122  mmc5983ma.o(i.MMC5983MA_Check)
    MMC5983MA_RESET                          0x08003ded   Thumb Code    22  mmc5983ma.o(i.MMC5983MA_RESET)
    MMC5983MA_SET                            0x08003e03   Thumb Code    22  mmc5983ma.o(i.MMC5983MA_SET)
    MMC5983MA_SWreset                        0x08003e19   Thumb Code    22  mmc5983ma.o(i.MMC5983MA_SWreset)
    MMC5983MA_clearInt                       0x08003e2f   Thumb Code    26  mmc5983ma.o(i.MMC5983MA_clearInt)
    MMC5983MA_getChipID                      0x08003e49   Thumb Code     8  mmc5983ma.o(i.MMC5983MA_getChipID)
    MMC5983MA_getOffset                      0x08003e51   Thumb Code   254  mmc5983ma.o(i.MMC5983MA_getOffset)
    MMC5983MA_init                           0x08003f55   Thumb Code    42  mmc5983ma.o(i.MMC5983MA_init)
    MMC5983MA_powerDown                      0x08003f7f   Thumb Code    32  mmc5983ma.o(i.MMC5983MA_powerDown)
    MMC5983MA_readData                       0x08003fa1   Thumb Code   164  mmc5983ma.o(i.MMC5983MA_readData)
    MMC5983MA_selfTest                       0x0800404d   Thumb Code   284  mmc5983ma.o(i.MMC5983MA_selfTest)
    MX_DMA_Init                              0x0800416d   Thumb Code    78  dma.o(i.MX_DMA_Init)
    MX_FDCAN1_Init                           0x080041c5   Thumb Code    72  fdcan.o(i.MX_FDCAN1_Init)
    MX_GPIO_Init                             0x08004215   Thumb Code   334  gpio.o(i.MX_GPIO_Init)
    MX_I2C1_Init                             0x08004379   Thumb Code    76  i2c.o(i.MX_I2C1_Init)
    MX_SPI2_Init                             0x080043d1   Thumb Code    72  spi.o(i.MX_SPI2_Init)
    MX_TIM16_Init                            0x08004421   Thumb Code   100  tim.o(i.MX_TIM16_Init)
    MX_TIM17_Init                            0x0800448d   Thumb Code   216  tim.o(i.MX_TIM17_Init)
    MX_TIM2_Init                             0x0800456d   Thumb Code   300  tim.o(i.MX_TIM2_Init)
    MX_TIM6_Init                             0x080046ad   Thumb Code   110  tim.o(i.MX_TIM6_Init)
    MX_TIM7_Init                             0x08004729   Thumb Code   110  tim.o(i.MX_TIM7_Init)
    MX_USART2_UART_Init                      0x080047a5   Thumb Code    94  usart.o(i.MX_USART2_UART_Init)
    Madgwick_Init                            0x0800480d   Thumb Code   282  magic.o(i.Madgwick_Init)
    Madgwick_Run                             0x08004941   Thumb Code   500  magic.o(i.Madgwick_Run)
    MemManage_Handler                        0x08004b61   Thumb Code     2  stm32g4xx_it.o(i.MemManage_Handler)
    NMI_Handler                              0x08004b63   Thumb Code     2  stm32g4xx_it.o(i.NMI_Handler)
    PendSV_Handler                           0x08004e0d   Thumb Code     2  stm32g4xx_it.o(i.PendSV_Handler)
    SVC_Handler                              0x08005099   Thumb Code     2  stm32g4xx_it.o(i.SVC_Handler)
    Simple_MAF                               0x0800509d   Thumb Code   194  magic.o(i.Simple_MAF)
    SysTick_Handler                          0x0800516d   Thumb Code     4  stm32g4xx_it.o(i.SysTick_Handler)
    SystemClock_Config                       0x08005171   Thumb Code   196  main.o(i.SystemClock_Config)
    SystemInit                               0x08005251   Thumb Code    12  system_stm32g4xx.o(i.SystemInit)
    TIM1_UP_TIM16_IRQHandler                 0x08005261   Thumb Code     4  stm32g4xx_it.o(i.TIM1_UP_TIM16_IRQHandler)
    TIM6_DAC_IRQHandler                      0x08005265   Thumb Code    88  stm32g4xx_it.o(i.TIM6_DAC_IRQHandler)
    TIM7_IRQHandler                          0x080052c5   Thumb Code    22  stm32g4xx_it.o(i.TIM7_IRQHandler)
    Temp_Init                                0x080052e1   Thumb Code    90  temp.o(i.Temp_Init)
    Temp_PID_Control                         0x0800534d   Thumb Code   172  temp.o(i.Temp_PID_Control)
    UART_AdvFeatureConfig                    0x0800544d   Thumb Code   200  stm32g4xx_hal_uart.o(i.UART_AdvFeatureConfig)
    UART_CheckIdleState                      0x08005515   Thumb Code    96  stm32g4xx_hal_uart.o(i.UART_CheckIdleState)
    UART_SetConfig                           0x080056a9   Thumb Code   582  stm32g4xx_hal_uart.o(i.UART_SetConfig)
    UART_WaitOnFlagUntilTimeout              0x0800591d   Thumb Code   198  stm32g4xx_hal_uart.o(i.UART_WaitOnFlagUntilTimeout)
    USART2_IRQHandler                        0x080059e5   Thumb Code     6  stm32g4xx_it.o(i.USART2_IRQHandler)
    USART2_Send                              0x080059f1   Thumb Code    90  usart.o(i.USART2_Send)
    UsageFault_Handler                       0x08005a59   Thumb Code     2  stm32g4xx_it.o(i.UsageFault_Handler)
    __ARM_fpclassifyf                        0x08005a5b   Thumb Code    38  fpclassifyf.o(i.__ARM_fpclassifyf)
    __hardfp_asinf                           0x08005add   Thumb Code   258  asinf.o(i.__hardfp_asinf)
    __hardfp_atan2f                          0x08005c09   Thumb Code   594  atan2f.o(i.__hardfp_atan2f)
    __hardfp_cosf                            0x08005eb5   Thumb Code   280  cosf.o(i.__hardfp_cosf)
    __hardfp_powf                            0x08006005   Thumb Code  1606  powf.o(i.__hardfp_powf)
    __mathlib_powf                           0x08006005   Thumb Code     0  powf.o(i.__hardfp_powf)
    __hardfp_round                           0x08006669   Thumb Code   194  round.o(i.__hardfp_round)
    __hardfp_sinf                            0x08006749   Thumb Code   344  sinf.o(i.__hardfp_sinf)
    __mathlib_flt_divzero                    0x080068d9   Thumb Code    14  funder.o(i.__mathlib_flt_divzero)
    __mathlib_flt_infnan                     0x080068ed   Thumb Code     6  funder.o(i.__mathlib_flt_infnan)
    __mathlib_flt_infnan2                    0x080068f3   Thumb Code     6  funder.o(i.__mathlib_flt_infnan2)
    __mathlib_flt_invalid                    0x080068f9   Thumb Code    10  funder.o(i.__mathlib_flt_invalid)
    __mathlib_flt_overflow                   0x08006909   Thumb Code    10  funder.o(i.__mathlib_flt_overflow)
    __mathlib_flt_underflow                  0x08006919   Thumb Code    10  funder.o(i.__mathlib_flt_underflow)
    __mathlib_rredf2                         0x08006929   Thumb Code   316  rredf.o(i.__mathlib_rredf2)
    arm_abs_q15                              0x08006a7d   Thumb Code    34  basicmathfunctions.o(i.arm_abs_q15)
    arm_mean_q15                             0x08006a9f   Thumb Code    28  statisticsfunctions.o(i.arm_mean_q15)
    arm_pid_init_q15                         0x08006abb   Thumb Code    52  controllerfunctions.o(i.arm_pid_init_q15)
    begin                                    0x08006af1   Thumb Code    90  icm42688.o(i.begin)
    getAccelDataX                            0x08006b51   Thumb Code    50  icm42688.o(i.getAccelDataX)
    getAccelDataY                            0x08006b89   Thumb Code    50  icm42688.o(i.getAccelDataY)
    getAccelDataZ                            0x08006bc1   Thumb Code    50  icm42688.o(i.getAccelDataZ)
    getFIFOData                              0x08006bf9   Thumb Code    80  icm42688.o(i.getFIFOData)
    getGyroDataX                             0x08006c4d   Thumb Code    50  icm42688.o(i.getGyroDataX)
    getGyroDataY                             0x08006c85   Thumb Code    50  icm42688.o(i.getGyroDataY)
    getGyroDataZ                             0x08006cbd   Thumb Code    50  icm42688.o(i.getGyroDataZ)
    getTemperature                           0x08006cf5   Thumb Code   102  icm42688.o(i.getTemperature)
    led_init                                 0x08006e15   Thumb Code   146  ws2812.o(i.led_init)
    led_start_transfer                       0x08006eb9   Thumb Code   114  ws2812.o(i.led_start_transfer)
    main                                     0x08007049   Thumb Code   110  main.o(i.main)
    readReg                                  0x080070c5   Thumb Code    50  icm42688.o(i.readReg)
    setFIFODataMode                          0x08007101   Thumb Code   110  icm42688.o(i.setFIFODataMode)
    setODRAndFSR                             0x08007175   Thumb Code   280  icm42688.o(i.setODRAndFSR)
    sqrtf                                    0x080072c1   Thumb Code    62  sqrtf.o(i.sqrtf)
    startAccelMeasure                        0x08007301   Thumb Code    84  icm42688.o(i.startAccelMeasure)
    startFIFOMode                            0x08007359   Thumb Code    50  icm42688.o(i.startFIFOMode)
    startGyroMeasure                         0x08007391   Thumb Code    84  icm42688.o(i.startGyroMeasure)
    startTempMeasure                         0x080073e9   Thumb Code    84  icm42688.o(i.startTempMeasure)
    writeReg                                 0x08007441   Thumb Code    60  icm42688.o(i.writeReg)
    __aeabi_d2f                              0x08007485   Thumb Code     0  d2f.o(x$fpl$d2f)
    _d2f                                     0x08007485   Thumb Code    98  d2f.o(x$fpl$d2f)
    __aeabi_dadd                             0x080074e9   Thumb Code     0  daddsub_clz.o(x$fpl$dadd)
    _dadd                                    0x080074e9   Thumb Code   332  daddsub_clz.o(x$fpl$dadd)
    __fpl_dcmp_Inf                           0x08007639   Thumb Code    24  dcmpi.o(x$fpl$dcmpinf)
    __aeabi_ddiv                             0x08007651   Thumb Code     0  ddiv.o(x$fpl$ddiv)
    _ddiv                                    0x08007651   Thumb Code   552  ddiv.o(x$fpl$ddiv)
    __aeabi_d2iz                             0x08007901   Thumb Code     0  dfix.o(x$fpl$dfix)
    _dfix                                    0x08007901   Thumb Code    94  dfix.o(x$fpl$dfix)
    __aeabi_i2d                              0x0800795f   Thumb Code     0  dflt_clz.o(x$fpl$dflt)
    _dflt                                    0x0800795f   Thumb Code    46  dflt_clz.o(x$fpl$dflt)
    __aeabi_cdcmple                          0x0800798d   Thumb Code     0  dleqf.o(x$fpl$dleqf)
    _dcmple                                  0x0800798d   Thumb Code   120  dleqf.o(x$fpl$dleqf)
    __fpl_dcmple_InfNaN                      0x080079ef   Thumb Code     0  dleqf.o(x$fpl$dleqf)
    __fpl_dnaninf                            0x08007a05   Thumb Code   156  dnaninf.o(x$fpl$dnaninf)
    __fpl_dretinf                            0x08007aa1   Thumb Code    12  dretinf.o(x$fpl$dretinf)
    __aeabi_cdrcmple                         0x08007aad   Thumb Code     0  drleqf.o(x$fpl$drleqf)
    _drcmple                                 0x08007aad   Thumb Code   108  drleqf.o(x$fpl$drleqf)
    _drnd                                    0x08007b19   Thumb Code   180  drnd.o(x$fpl$drnd)
    __aeabi_dsub                             0x08007bcd   Thumb Code     0  daddsub_clz.o(x$fpl$dsub)
    _dsub                                    0x08007bcd   Thumb Code   464  daddsub_clz.o(x$fpl$dsub)
    __aeabi_f2d                              0x08007da1   Thumb Code     0  f2d.o(x$fpl$f2d)
    _f2d                                     0x08007da1   Thumb Code    86  f2d.o(x$fpl$f2d)
    __fpl_fnaninf                            0x08007df7   Thumb Code   140  fnaninf.o(x$fpl$fnaninf)
    _fp_init                                 0x08007e83   Thumb Code    10  fpinit.o(x$fpl$fpinit)
    __fplib_config_fpu_vfp                   0x08007e8b   Thumb Code     0  fpinit.o(x$fpl$fpinit)
    __fplib_config_pureend_doubles           0x08007e8b   Thumb Code     0  fpinit.o(x$fpl$fpinit)
    __fpl_fretinf                            0x08007e8d   Thumb Code    10  fretinf.o(x$fpl$fretinf)
    __I$use$fp                               0x08007e96   Number         0  usenofp.o(x$fpl$usenofp)
    UARTPrescTable                           0x08007ec0   Data          24  stm32g4xx_hal_uart.o(.constdata)
    APBPrescTable                            0x08007ee8   Data           8  system_stm32g4xx.o(.constdata)
    gyroscopeMisalignment                    0x08007f10   Data          36  magic.o(.constdata)
    gyroscopeSensitivity                     0x08007f34   Data          12  magic.o(.constdata)
    gyroscopeOffset                          0x08007f40   Data          12  magic.o(.constdata)
    accelerometerMisalignment                0x08007f4c   Data          36  magic.o(.constdata)
    accelerometerSensitivity                 0x08007f70   Data          12  magic.o(.constdata)
    accelerometerOffset                      0x08007f7c   Data          12  magic.o(.constdata)
    softIronMatrix                           0x08007f88   Data          36  magic.o(.constdata)
    hardIronOffset                           0x08007fac   Data          12  magic.o(.constdata)
    Region$$Table$$Base                      0x08008130   Number         0  anon$$obj.o(Region$$Table)
    Region$$Table$$Limit                     0x08008150   Number         0  anon$$obj.o(Region$$Table)
    Usart2TxReady                            0x20000000   Data           1  usart.o(.data)
    time_1ms                                 0x20000006   Data           2  stm32g4xx_it.o(.data)
    time_500us                               0x20000008   Data           2  stm32g4xx_it.o(.data)
    uwTickPrio                               0x20000010   Data           4  stm32g4xx_hal.o(.data)
    uwTickFreq                               0x20000014   Data           4  stm32g4xx_hal.o(.data)
    uwTick                                   0x20000018   Data           4  stm32g4xx_hal.o(.data)
    SystemCoreClock                          0x2000001c   Data           4  system_stm32g4xx.o(.data)
    id                                       0x20000020   Data           1  icm42688.o(.data)
    _tapNum                                  0x20000021   Data           1  icm42688.o(.data)
    _tapAxis                                 0x20000022   Data           1  icm42688.o(.data)
    _tapDir                                  0x20000023   Data           1  icm42688.o(.data)
    FIFOMode                                 0x20000024   Data           1  icm42688.o(.data)
    _temp                                    0x20000025   Data           1  icm42688.o(.data)
    _INTPin                                  0x20000026   Data           1  icm42688.o(.data)
    accelConfig0                             0x20000027   Data           1  icm42688.o(.data)
    PWRMgmt0                                 0x20000028   Data           1  icm42688.o(.data)
    INTFConfig1                              0x20000029   Data           1  icm42688.o(.data)
    accelConfig1                             0x2000002a   Data           1  icm42688.o(.data)
    gyroAccelConfig0                         0x2000002b   Data           1  icm42688.o(.data)
    APEXConfig7                              0x2000002c   Data           1  icm42688.o(.data)
    APEXConfig8                              0x2000002d   Data           1  icm42688.o(.data)
    SMDConfig                                0x2000002e   Data           1  icm42688.o(.data)
    gyroConfig1                              0x2000002f   Data           1  icm42688.o(.data)
    FIFOConfig1                              0x20000030   Data           1  icm42688.o(.data)
    INTConfig                                0x20000031   Data           1  icm42688.o(.data)
    gyroConfig0                              0x20000032   Data           1  icm42688.o(.data)
    APEXConfig0                              0x20000033   Data           1  icm42688.o(.data)
    gyroConfigStatic9                        0x20000034   Data           1  icm42688.o(.data)
    gyroConfigStatic2                        0x20000035   Data           1  icm42688.o(.data)
    gyroConfigStatic5                        0x20000036   Data           1  icm42688.o(.data)
    accelConfigStatic2                       0x20000037   Data           1  icm42688.o(.data)
    accelConfigStatic4                       0x20000038   Data           1  icm42688.o(.data)
    INTSource                                0x20000039   Data           1  icm42688.o(.data)
    _accelX                                  0x2000003a   Data           2  icm42688.o(.data)
    _accelY                                  0x2000003c   Data           2  icm42688.o(.data)
    _accelZ                                  0x2000003e   Data           2  icm42688.o(.data)
    _gyroX                                   0x20000040   Data           2  icm42688.o(.data)
    _gyroZ                                   0x20000042   Data           2  icm42688.o(.data)
    _gyroY                                   0x20000044   Data           2  icm42688.o(.data)
    _gyroRange                               0x20000048   Data           4  icm42688.o(.data)
    _accelRange                              0x2000004c   Data           4  icm42688.o(.data)
    X_diff                                   0x20000050   Data           2  magic.o(.data)
    Y_diff                                   0x20000052   Data           2  magic.o(.data)
    Z_diff                                   0x20000054   Data           2  magic.o(.data)
    X_absdiff                                0x20000056   Data           2  magic.o(.data)
    Y_absdiff                                0x20000058   Data           2  magic.o(.data)
    Z_absdiff                                0x2000005a   Data           2  magic.o(.data)
    RxData                                   0x2000005c   Data           8  bsp_fdcan.o(.data)
    TxData                                   0x20000064   Data           8  bsp_fdcan.o(.data)
    fade_step                                0x2000006e   Data           1  ws2812.o(.data)
    fade_value                               0x20000070   Data           2  ws2812.o(.data)
    leds_color_data                          0x20000072   Data           3  ws2812.o(.data)
    hfdcan1                                  0x20000080   Data         100  fdcan.o(.bss)
    hi2c1                                    0x200000e4   Data          76  i2c.o(.bss)
    hspi2                                    0x20000130   Data         100  spi.o(.bss)
    huart2                                   0x20000194   Data         144  usart.o(.bss)
    hdma_usart2_tx                           0x20000224   Data          96  usart.o(.bss)
    SMAF                                     0x20000284   Data         386  magic.o(.bss)
    icm42688                                 0x20000408   Data          44  magic.o(.bss)
    offset                                   0x20000434   Data          24  magic.o(.bss)
    ahrs                                     0x2000044c   Data         100  magic.o(.bss)
    euler                                    0x200004b0   Data          12  magic.o(.bss)
    earth                                    0x200004bc   Data          12  magic.o(.bss)
    linear                                   0x200004c8   Data          12  magic.o(.bss)
    mmc5983                                  0x200004d4   Data          60  mmc5983ma.o(.bss)
    RxHeader                                 0x20000510   Data          40  bsp_fdcan.o(.bss)
    TxHeader                                 0x20000538   Data          36  bsp_fdcan.o(.bss)
    Comm_CAN                                 0x2000055c   Data        1604  bsp_fdcan.o(.bss)
    HEAT                                     0x20000ba0   Data          24  temp.o(.bss)
    Temp_pid                                 0x20000bb8   Data          20  temp.o(.bss)
    __libspace_start                         0x2000104c   Data          96  libspace.o(.bss)
    __temporary_stack_top$libspace           0x200010ac   Data           0  libspace.o(.bss)



==============================================================================

Memory Map of the image

  Image Entry point : 0x080001d9

  Load Region LR_IROM1 (Base: 0x08000000, Size: 0x000081d0, Max: 0x00020000, ABSOLUTE)

    Execution Region ER_IROM1 (Exec base: 0x08000000, Load base: 0x08000000, Size: 0x00008150, Max: 0x00020000, ABSOLUTE)

    Exec Addr    Load Addr    Size         Type   Attr      Idx    E Section Name        Object

    0x08000000   0x08000000   0x000001d8   Data   RO            3    RESET               startup_stm32g431xx.o
    0x080001d8   0x080001d8   0x00000008   Code   RO        11399  * !!!main             c_w.l(__main.o)
    0x080001e0   0x080001e0   0x00000034   Code   RO        12056    !!!scatter          c_w.l(__scatter.o)
    0x08000214   0x08000214   0x0000001a   Code   RO        12058    !!handler_copy      c_w.l(__scatter_copy.o)
    0x0800022e   0x0800022e   0x00000002   PAD
    0x08000230   0x08000230   0x0000001c   Code   RO        12060    !!handler_zi        c_w.l(__scatter_zi.o)
    0x0800024c   0x0800024c   0x00000002   Code   RO        11853    .ARM.Collect$$libinit$$00000000  c_w.l(libinit.o)
    0x0800024e   0x0800024e   0x00000004   Code   RO        11854    .ARM.Collect$$libinit$$00000001  c_w.l(libinit2.o)
    0x08000252   0x08000252   0x00000000   Code   RO        11857    .ARM.Collect$$libinit$$00000004  c_w.l(libinit2.o)
    0x08000252   0x08000252   0x00000000   Code   RO        11860    .ARM.Collect$$libinit$$0000000A  c_w.l(libinit2.o)
    0x08000252   0x08000252   0x00000000   Code   RO        11862    .ARM.Collect$$libinit$$0000000C  c_w.l(libinit2.o)
    0x08000252   0x08000252   0x00000000   Code   RO        11864    .ARM.Collect$$libinit$$0000000E  c_w.l(libinit2.o)
    0x08000252   0x08000252   0x00000000   Code   RO        11867    .ARM.Collect$$libinit$$00000011  c_w.l(libinit2.o)
    0x08000252   0x08000252   0x00000000   Code   RO        11869    .ARM.Collect$$libinit$$00000013  c_w.l(libinit2.o)
    0x08000252   0x08000252   0x00000000   Code   RO        11871    .ARM.Collect$$libinit$$00000015  c_w.l(libinit2.o)
    0x08000252   0x08000252   0x00000000   Code   RO        11873    .ARM.Collect$$libinit$$00000017  c_w.l(libinit2.o)
    0x08000252   0x08000252   0x00000000   Code   RO        11875    .ARM.Collect$$libinit$$00000019  c_w.l(libinit2.o)
    0x08000252   0x08000252   0x00000000   Code   RO        11877    .ARM.Collect$$libinit$$0000001B  c_w.l(libinit2.o)
    0x08000252   0x08000252   0x00000000   Code   RO        11879    .ARM.Collect$$libinit$$0000001D  c_w.l(libinit2.o)
    0x08000252   0x08000252   0x00000000   Code   RO        11881    .ARM.Collect$$libinit$$0000001F  c_w.l(libinit2.o)
    0x08000252   0x08000252   0x00000000   Code   RO        11883    .ARM.Collect$$libinit$$00000021  c_w.l(libinit2.o)
    0x08000252   0x08000252   0x00000000   Code   RO        11885    .ARM.Collect$$libinit$$00000023  c_w.l(libinit2.o)
    0x08000252   0x08000252   0x00000000   Code   RO        11887    .ARM.Collect$$libinit$$00000025  c_w.l(libinit2.o)
    0x08000252   0x08000252   0x00000000   Code   RO        11891    .ARM.Collect$$libinit$$0000002C  c_w.l(libinit2.o)
    0x08000252   0x08000252   0x00000000   Code   RO        11893    .ARM.Collect$$libinit$$0000002E  c_w.l(libinit2.o)
    0x08000252   0x08000252   0x00000000   Code   RO        11895    .ARM.Collect$$libinit$$00000030  c_w.l(libinit2.o)
    0x08000252   0x08000252   0x00000000   Code   RO        11897    .ARM.Collect$$libinit$$00000032  c_w.l(libinit2.o)
    0x08000252   0x08000252   0x00000002   Code   RO        11898    .ARM.Collect$$libinit$$00000033  c_w.l(libinit2.o)
    0x08000254   0x08000254   0x00000002   Code   RO        12037    .ARM.Collect$$libshutdown$$00000000  c_w.l(libshutdown.o)
    0x08000256   0x08000256   0x00000000   Code   RO        11900    .ARM.Collect$$libshutdown$$00000002  c_w.l(libshutdown2.o)
    0x08000256   0x08000256   0x00000000   Code   RO        11902    .ARM.Collect$$libshutdown$$00000004  c_w.l(libshutdown2.o)
    0x08000256   0x08000256   0x00000000   Code   RO        11904    .ARM.Collect$$libshutdown$$00000006  c_w.l(libshutdown2.o)
    0x08000256   0x08000256   0x00000000   Code   RO        11907    .ARM.Collect$$libshutdown$$00000009  c_w.l(libshutdown2.o)
    0x08000256   0x08000256   0x00000000   Code   RO        11910    .ARM.Collect$$libshutdown$$0000000C  c_w.l(libshutdown2.o)
    0x08000256   0x08000256   0x00000000   Code   RO        11912    .ARM.Collect$$libshutdown$$0000000E  c_w.l(libshutdown2.o)
    0x08000256   0x08000256   0x00000000   Code   RO        11915    .ARM.Collect$$libshutdown$$00000011  c_w.l(libshutdown2.o)
    0x08000256   0x08000256   0x00000002   Code   RO        11916    .ARM.Collect$$libshutdown$$00000012  c_w.l(libshutdown2.o)
    0x08000258   0x08000258   0x00000000   Code   RO        11627    .ARM.Collect$$rtentry$$00000000  c_w.l(__rtentry.o)
    0x08000258   0x08000258   0x00000000   Code   RO        11718    .ARM.Collect$$rtentry$$00000002  c_w.l(__rtentry2.o)
    0x08000258   0x08000258   0x00000006   Code   RO        11730    .ARM.Collect$$rtentry$$00000004  c_w.l(__rtentry4.o)
    0x0800025e   0x0800025e   0x00000000   Code   RO        11720    .ARM.Collect$$rtentry$$00000009  c_w.l(__rtentry2.o)
    0x0800025e   0x0800025e   0x00000004   Code   RO        11721    .ARM.Collect$$rtentry$$0000000A  c_w.l(__rtentry2.o)
    0x08000262   0x08000262   0x00000000   Code   RO        11723    .ARM.Collect$$rtentry$$0000000C  c_w.l(__rtentry2.o)
    0x08000262   0x08000262   0x00000008   Code   RO        11724    .ARM.Collect$$rtentry$$0000000D  c_w.l(__rtentry2.o)
    0x0800026a   0x0800026a   0x00000002   Code   RO        11922    .ARM.Collect$$rtexit$$00000000  c_w.l(rtexit.o)
    0x0800026c   0x0800026c   0x00000000   Code   RO        11980    .ARM.Collect$$rtexit$$00000002  c_w.l(rtexit2.o)
    0x0800026c   0x0800026c   0x00000004   Code   RO        11981    .ARM.Collect$$rtexit$$00000003  c_w.l(rtexit2.o)
    0x08000270   0x08000270   0x00000006   Code   RO        11982    .ARM.Collect$$rtexit$$00000004  c_w.l(rtexit2.o)
    0x08000276   0x08000276   0x00000002   PAD
    0x08000278   0x08000278   0x00000040   Code   RO            4    .text               startup_stm32g431xx.o
    0x080002b8   0x080002b8   0x000000ee   Code   RO        11377    .text               c_w.l(lludivv7m.o)
    0x080003a6   0x080003a6   0x00000084   Code   RO        11389    .text               c_w.l(rt_memmove_v6.o)
    0x0800042a   0x0800042a   0x00000064   Code   RO        11391    .text               c_w.l(rt_memcpy_w.o)
    0x0800048e   0x0800048e   0x00000044   Code   RO        11393    .text               c_w.l(rt_memclr.o)
    0x080004d2   0x080004d2   0x0000004e   Code   RO        11395    .text               c_w.l(rt_memclr_w.o)
    0x08000520   0x08000520   0x00000006   Code   RO        11397    .text               c_w.l(heapauxi.o)
    0x08000526   0x08000526   0x00000016   Code   RO        11632    .text               c_w.l(_rserrno.o)
    0x0800053c   0x0800053c   0x0000008a   Code   RO        11642    .text               c_w.l(rt_memcpy_v6.o)
    0x080005c6   0x080005c6   0x0000007a   Code   RO        11644    .text               c_w.l(rt_memmove_w.o)
    0x08000640   0x08000640   0x00000008   Code   RO        11737    .text               c_w.l(rt_errno_addr_intlibspace.o)
    0x08000648   0x08000648   0x00000008   Code   RO        11760    .text               c_w.l(libspace.o)
    0x08000650   0x08000650   0x0000004a   Code   RO        11765    .text               c_w.l(sys_stackheap_outer.o)
    0x0800069a   0x0800069a   0x00000012   Code   RO        11838    .text               c_w.l(exit.o)
    0x080006ac   0x080006ac   0x00000002   Code   RO        11919    .text               c_w.l(use_no_semi.o)
    0x080006ae   0x080006ae   0x00000000   Code   RO        11921    .text               c_w.l(indicate_semi.o)
    0x080006ae   0x080006ae   0x00000002   PAD
    0x080006b0   0x080006b0   0x0000000c   Code   RO        11977    .text               c_w.l(sys_exit.o)
    0x080006bc   0x080006bc   0x00000002   Code   RO          672    i.BusFault_Handler  stm32g4xx_it.o
    0x080006be   0x080006be   0x00000002   PAD
    0x080006c0   0x080006c0   0x00000150   Code   RO         5515    i.Color_Yaw         ws2812.o
    0x08000810   0x08000810   0x00000050   Code   RO         5516    i.DMA1_Ch1_1_IRQHandler  ws2812.o
    0x08000860   0x08000860   0x00000004   Code   RO          673    i.DMA1_Channel1_IRQHandler  stm32g4xx_it.o
    0x08000864   0x08000864   0x0000000c   Code   RO          674    i.DMA1_Channel2_IRQHandler  stm32g4xx_it.o
    0x08000870   0x08000870   0x00000040   Code   RO         2272    i.DMA_CalcDMAMUXChannelBaseAndMask  stm32g4xx_hal_dma.o
    0x080008b0   0x080008b0   0x00000024   Code   RO         2273    i.DMA_CalcDMAMUXRequestGenBaseAndMask  stm32g4xx_hal_dma.o
    0x080008d4   0x080008d4   0x0000003e   Code   RO         2274    i.DMA_SetConfig     stm32g4xx_hal_dma.o
    0x08000912   0x08000912   0x00000002   Code   RO          675    i.DebugMon_Handler  stm32g4xx_it.o
    0x08000914   0x08000914   0x0000001c   Code   RO          676    i.EXTI15_10_IRQHandler  stm32g4xx_it.o
    0x08000930   0x08000930   0x00000004   Code   RO           13    i.Error_Handler     main.o
    0x08000934   0x08000934   0x00000078   Code   RO         5425    i.FDCAN_Config      bsp_fdcan.o
    0x080009ac   0x080009ac   0x00000070   Code   RO         1054    i.FDCAN_CopyMessageToRAM  stm32g4xx_hal_fdcan.o
    0x08000a1c   0x08000a1c   0x000000e8   Code   RO         5426    i.Fixed_Time_FDCAN  bsp_fdcan.o
    0x08000b04   0x08000b04   0x00000018   Code   RO          601    i.Fixed_Time_UART2  usart.o
    0x08000b1c   0x08000b1c   0x000000a6   Code   RO         4526    i.FusionAhrsGetEarthAcceleration  fusionahrs.o
    0x08000bc2   0x08000bc2   0x00000050   Code   RO         4529    i.FusionAhrsGetLinearAcceleration  fusionahrs.o
    0x08000c12   0x08000c12   0x00000008   Code   RO         4530    i.FusionAhrsGetQuaternion  fusionahrs.o
    0x08000c1a   0x08000c1a   0x00000002   PAD
    0x08000c1c   0x08000c1c   0x00000020   Code   RO         4531    i.FusionAhrsInitialise  fusionahrs.o
    0x08000c3c   0x08000c3c   0x0000004c   Code   RO         4532    i.FusionAhrsReset   fusionahrs.o
    0x08000c88   0x08000c88   0x000000ca   Code   RO         4533    i.FusionAhrsSetHeading  fusionahrs.o
    0x08000d52   0x08000d52   0x00000002   PAD
    0x08000d54   0x08000d54   0x000000b0   Code   RO         4534    i.FusionAhrsSetSettings  fusionahrs.o
    0x08000e04   0x08000e04   0x00000368   Code   RO         4535    i.FusionAhrsUpdate  fusionahrs.o
    0x0800116c   0x0800116c   0x00000040   Code   RO         4537    i.FusionAhrsUpdateNoMagnetometer  fusionahrs.o
    0x080011ac   0x080011ac   0x00000062   Code   RO         4960    i.FusionCalibrationInertial  magic.o
    0x0800120e   0x0800120e   0x00000002   PAD
    0x08001210   0x08001210   0x00000050   Code   RO         4667    i.FusionCompassCalculateHeading  fusioncompass.o
    0x08001260   0x08001260   0x00000010   Code   RO         4539    i.FusionDegreesToRadians  fusionahrs.o
    0x08001270   0x08001270   0x00000034   Code   RO         4540    i.FusionFastInverseSqrt  fusionahrs.o
    0x080012a4   0x080012a4   0x00000062   Code   RO         4961    i.FusionMatrixMultiplyVector  magic.o
    0x08001306   0x08001306   0x00000002   PAD
    0x08001308   0x08001308   0x00000034   Code   RO         4692    i.FusionOffsetInitialise  fusionoffset.o
    0x0800133c   0x0800133c   0x00000094   Code   RO         4693    i.FusionOffsetUpdate  fusionoffset.o
    0x080013d0   0x080013d0   0x000000ac   Code   RO         4962    i.FusionQuaternionToEuler  magic.o
    0x0800147c   0x0800147c   0x0000000e   Code   RO         4541    i.FusionVectorAdd   fusionahrs.o
    0x0800148a   0x0800148a   0x00000022   Code   RO         4542    i.FusionVectorCrossProduct  fusionahrs.o
    0x080014ac   0x080014ac   0x00000022   Code   RO         4668    i.FusionVectorCrossProduct  fusioncompass.o
    0x080014ce   0x080014ce   0x00000026   Code   RO         4543    i.FusionVectorIsZero  fusionahrs.o
    0x080014f4   0x080014f4   0x00000016   Code   RO         4545    i.FusionVectorMagnitudeSquared  fusionahrs.o
    0x0800150a   0x0800150a   0x0000000e   Code   RO         4546    i.FusionVectorMultiplyScalar  fusionahrs.o
    0x08001518   0x08001518   0x00000036   Code   RO         4547    i.FusionVectorNormalise  fusionahrs.o
    0x0800154e   0x0800154e   0x00000002   PAD
    0x08001550   0x08001550   0x00000054   Code   RO         4669    i.FusionVectorNormalise  fusioncompass.o
    0x080015a4   0x080015a4   0x0000000e   Code   RO         4963    i.FusionVectorSubtract  magic.o
    0x080015b2   0x080015b2   0x0000006a   Code   RO         2275    i.HAL_DMA_Abort     stm32g4xx_hal_dma.o
    0x0800161c   0x0800161c   0x00000078   Code   RO         2276    i.HAL_DMA_Abort_IT  stm32g4xx_hal_dma.o
    0x08001694   0x08001694   0x000000ba   Code   RO         2280    i.HAL_DMA_IRQHandler  stm32g4xx_hal_dma.o
    0x0800174e   0x0800174e   0x00000002   PAD
    0x08001750   0x08001750   0x000000c0   Code   RO         2281    i.HAL_DMA_Init      stm32g4xx_hal_dma.o
    0x08001810   0x08001810   0x0000008c   Code   RO         2285    i.HAL_DMA_Start_IT  stm32g4xx_hal_dma.o
    0x0800189c   0x0800189c   0x000000e0   Code   RO         1056    i.HAL_FDCAN_ActivateNotification  stm32g4xx_hal_fdcan.o
    0x0800197c   0x0800197c   0x0000004a   Code   RO         1057    i.HAL_FDCAN_AddMessageToTxFifoQ  stm32g4xx_hal_fdcan.o
    0x080019c6   0x080019c6   0x0000005c   Code   RO         1059    i.HAL_FDCAN_ConfigFilter  stm32g4xx_hal_fdcan.o
    0x08001a22   0x08001a22   0x00000036   Code   RO         1060    i.HAL_FDCAN_ConfigGlobalFilter  stm32g4xx_hal_fdcan.o
    0x08001a58   0x08001a58   0x00000204   Code   RO         1098    i.HAL_FDCAN_Init    stm32g4xx_hal_fdcan.o
    0x08001c5c   0x08001c5c   0x00000070   Code   RO          367    i.HAL_FDCAN_MspInit  fdcan.o
    0x08001ccc   0x08001ccc   0x0000002c   Code   RO         1107    i.HAL_FDCAN_Start   stm32g4xx_hal_fdcan.o
    0x08001cf8   0x08001cf8   0x00000248   Code   RO         2137    i.HAL_GPIO_Init     stm32g4xx_hal_gpio.o
    0x08001f40   0x08001f40   0x0000000c   Code   RO         1450    i.HAL_GetTick       stm32g4xx_hal.o
    0x08001f4c   0x08001f4c   0x00000056   Code   RO         3376    i.HAL_I2CEx_ConfigAnalogFilter  stm32g4xx_hal_i2c_ex.o
    0x08001fa2   0x08001fa2   0x00000052   Code   RO         3377    i.HAL_I2CEx_ConfigDigitalFilter  stm32g4xx_hal_i2c_ex.o
    0x08001ff4   0x08001ff4   0x000000b8   Code   RO         2925    i.HAL_I2C_Init      stm32g4xx_hal_i2c.o
    0x080020ac   0x080020ac   0x00000164   Code   RO         2943    i.HAL_I2C_Mem_Read  stm32g4xx_hal_i2c.o
    0x08002210   0x08002210   0x00000158   Code   RO         2946    i.HAL_I2C_Mem_Write  stm32g4xx_hal_i2c.o
    0x08002368   0x08002368   0x00000098   Code   RO          412    i.HAL_I2C_MspInit   i2c.o
    0x08002400   0x08002400   0x00000010   Code   RO         1453    i.HAL_IncTick       stm32g4xx_hal.o
    0x08002410   0x08002410   0x0000001e   Code   RO         1454    i.HAL_Init          stm32g4xx_hal.o
    0x0800242e   0x0800242e   0x00000002   PAD
    0x08002430   0x08002430   0x00000044   Code   RO         1455    i.HAL_InitTick      stm32g4xx_hal.o
    0x08002474   0x08002474   0x00000030   Code   RO          802    i.HAL_MspInit       stm32g4xx_hal_msp.o
    0x080024a4   0x080024a4   0x0000001a   Code   RO         2784    i.HAL_NVIC_EnableIRQ  stm32g4xx_hal_cortex.o
    0x080024be   0x080024be   0x00000002   PAD
    0x080024c0   0x080024c0   0x00000040   Code   RO         2790    i.HAL_NVIC_SetPriority  stm32g4xx_hal_cortex.o
    0x08002500   0x08002500   0x00000024   Code   RO         2791    i.HAL_NVIC_SetPriorityGrouping  stm32g4xx_hal_cortex.o
    0x08002524   0x08002524   0x00000010   Code   RO         2552    i.HAL_PWREx_DisableUCPDDeadBattery  stm32g4xx_hal_pwr_ex.o
    0x08002534   0x08002534   0x00000024   Code   RO         1682    i.HAL_RCC_GetPCLK1Freq  stm32g4xx_hal_rcc.o
    0x08002558   0x08002558   0x00000024   Code   RO         1683    i.HAL_RCC_GetPCLK2Freq  stm32g4xx_hal_rcc.o
    0x0800257c   0x0800257c   0x0000006c   Code   RO         1684    i.HAL_RCC_GetSysClockFreq  stm32g4xx_hal_rcc.o
    0x080025e8   0x080025e8   0x00000006   Code   RO         3439    i.HAL_SPI_GetState  stm32g4xx_hal_spi.o
    0x080025ee   0x080025ee   0x000000ea   Code   RO         3441    i.HAL_SPI_Init      stm32g4xx_hal_spi.o
    0x080026d8   0x080026d8   0x00000064   Code   RO          457    i.HAL_SPI_MspInit   spi.o
    0x0800273c   0x0800273c   0x00000188   Code   RO         3444    i.HAL_SPI_Receive   stm32g4xx_hal_spi.o
    0x080028c4   0x080028c4   0x00000188   Code   RO         3449    i.HAL_SPI_Transmit  stm32g4xx_hal_spi.o
    0x08002a4c   0x08002a4c   0x00000262   Code   RO         3450    i.HAL_SPI_TransmitReceive  stm32g4xx_hal_spi.o
    0x08002cae   0x08002cae   0x00000028   Code   RO         2795    i.HAL_SYSTICK_Config  stm32g4xx_hal_cortex.o
    0x08002cd6   0x08002cd6   0x0000003e   Code   RO         4379    i.HAL_UARTEx_DisableFifoMode  stm32g4xx_hal_uart_ex.o
    0x08002d14   0x08002d14   0x00000002   Code   RO         3968    i.HAL_UARTEx_RxEventCallback  stm32g4xx_hal_uart.o
    0x08002d16   0x08002d16   0x00000002   Code   RO         4386    i.HAL_UARTEx_RxFifoFullCallback  stm32g4xx_hal_uart_ex.o
    0x08002d18   0x08002d18   0x0000004c   Code   RO         4387    i.HAL_UARTEx_SetRxFifoThreshold  stm32g4xx_hal_uart_ex.o
    0x08002d64   0x08002d64   0x0000004c   Code   RO         4388    i.HAL_UARTEx_SetTxFifoThreshold  stm32g4xx_hal_uart_ex.o
    0x08002db0   0x08002db0   0x00000002   Code   RO         4390    i.HAL_UARTEx_TxFifoEmptyCallback  stm32g4xx_hal_uart_ex.o
    0x08002db2   0x08002db2   0x00000002   Code   RO         4391    i.HAL_UARTEx_WakeupCallback  stm32g4xx_hal_uart_ex.o
    0x08002db4   0x08002db4   0x00000002   Code   RO         3984    i.HAL_UART_ErrorCallback  stm32g4xx_hal_uart.o
    0x08002db6   0x08002db6   0x00000002   PAD
    0x08002db8   0x08002db8   0x000002e0   Code   RO         3987    i.HAL_UART_IRQHandler  stm32g4xx_hal_uart.o
    0x08003098   0x08003098   0x0000006a   Code   RO         3988    i.HAL_UART_Init     stm32g4xx_hal_uart.o
    0x08003102   0x08003102   0x00000002   PAD
    0x08003104   0x08003104   0x000000b0   Code   RO          603    i.HAL_UART_MspInit  usart.o
    0x080031b4   0x080031b4   0x000000a4   Code   RO         3998    i.HAL_UART_Transmit_DMA  stm32g4xx_hal_uart.o
    0x08003258   0x08003258   0x00000018   Code   RO          604    i.HAL_UART_TxCpltCallback  usart.o
    0x08003270   0x08003270   0x00000002   Code   RO         4001    i.HAL_UART_TxHalfCpltCallback  stm32g4xx_hal_uart.o
    0x08003272   0x08003272   0x00000002   Code   RO          677    i.HardFault_Handler  stm32g4xx_it.o
    0x08003274   0x08003274   0x00000022   Code   RO         2972    i.I2C_Flush_TXDR    stm32g4xx_hal_i2c.o
    0x08003296   0x08003296   0x00000002   PAD
    0x08003298   0x08003298   0x00000120   Code   RO         2980    i.I2C_IsErrorOccurred  stm32g4xx_hal_i2c.o
    0x080033b8   0x080033b8   0x00000064   Code   RO         2983    i.I2C_RequestMemoryRead  stm32g4xx_hal_i2c.o
    0x0800341c   0x0800341c   0x00000064   Code   RO         2984    i.I2C_RequestMemoryWrite  stm32g4xx_hal_i2c.o
    0x08003480   0x08003480   0x00000030   Code   RO         2987    i.I2C_TransferConfig  stm32g4xx_hal_i2c.o
    0x080034b0   0x080034b0   0x00000058   Code   RO         2989    i.I2C_WaitOnFlagUntilTimeout  stm32g4xx_hal_i2c.o
    0x08003508   0x08003508   0x0000004c   Code   RO         2991    i.I2C_WaitOnSTOPFlagUntilTimeout  stm32g4xx_hal_i2c.o
    0x08003554   0x08003554   0x00000050   Code   RO         2992    i.I2C_WaitOnTXISFlagUntilTimeout  stm32g4xx_hal_i2c.o
    0x080035a4   0x080035a4   0x00000034   Code   RO         5297    i.IIC_ReadByte      mmc5983ma.o
    0x080035d8   0x080035d8   0x00000024   Code   RO         5298    i.IIC_ReadBytes     mmc5983ma.o
    0x080035fc   0x080035fc   0x00000024   Code   RO         5299    i.IIC_WriteByte     mmc5983ma.o
    0x08003620   0x08003620   0x00000070   Code   RO         4964    i.IMU_Connection_Check  magic.o
    0x08003690   0x08003690   0x00000018   Code   RO          331    i.LL_AHB1_GRP1_EnableClock  dma.o
    0x080036a8   0x080036a8   0x00000018   Code   RO          280    i.LL_AHB2_GRP1_EnableClock  gpio.o
    0x080036c0   0x080036c0   0x00000018   Code   RO          498    i.LL_AHB2_GRP1_EnableClock  tim.o
    0x080036d8   0x080036d8   0x00000018   Code   RO          499    i.LL_APB1_GRP1_EnableClock  tim.o
    0x080036f0   0x080036f0   0x00000018   Code   RO          500    i.LL_APB2_GRP1_EnableClock  tim.o
    0x08003708   0x08003708   0x00000014   Code   RO         5517    i.LL_DMA_EnableChannel  ws2812.o
    0x0800371c   0x0800371c   0x00000014   Code   RO         5518    i.LL_DMA_EnableIT_HT  ws2812.o
    0x08003730   0x08003730   0x00000014   Code   RO         5519    i.LL_DMA_EnableIT_TC  ws2812.o
    0x08003744   0x08003744   0x00000144   Code   RO          915    i.LL_EXTI_Init      stm32g4xx_ll_exti.o
    0x08003888   0x08003888   0x00000136   Code   RO          956    i.LL_GPIO_Init      stm32g4xx_ll_gpio.o
    0x080039be   0x080039be   0x00000002   PAD
    0x080039c0   0x080039c0   0x00000014   Code   RO           14    i.LL_RCC_SetAHBPrescaler  main.o
    0x080039d4   0x080039d4   0x0000000c   Code   RO          832    i.LL_SetSystemCoreClock  stm32g4xx_ll_utils.o
    0x080039e0   0x080039e0   0x00000088   Code   RO         3821    i.LL_TIM_BDTR_Init  stm32g4xx_ll_tim.o
    0x08003a68   0x08003a68   0x000000ac   Code   RO         3830    i.LL_TIM_Init       stm32g4xx_ll_tim.o
    0x08003b14   0x08003b14   0x00000074   Code   RO          501    i.LL_TIM_OC_DisableFast  tim.o
    0x08003b88   0x08003b88   0x00000074   Code   RO          502    i.LL_TIM_OC_EnablePreload  tim.o
    0x08003bfc   0x08003bfc   0x0000014c   Code   RO         3831    i.LL_TIM_OC_Init    stm32g4xx_ll_tim.o
    0x08003d48   0x08003d48   0x0000001e   Code   RO          833    i.LL_mDelay         stm32g4xx_ll_utils.o
    0x08003d66   0x08003d66   0x00000002   PAD
    0x08003d68   0x08003d68   0x00000084   Code   RO         5301    i.MMC5983MA_Check   mmc5983ma.o
    0x08003dec   0x08003dec   0x00000016   Code   RO         5302    i.MMC5983MA_RESET   mmc5983ma.o
    0x08003e02   0x08003e02   0x00000016   Code   RO         5303    i.MMC5983MA_SET     mmc5983ma.o
    0x08003e18   0x08003e18   0x00000016   Code   RO         5304    i.MMC5983MA_SWreset  mmc5983ma.o
    0x08003e2e   0x08003e2e   0x0000001a   Code   RO         5305    i.MMC5983MA_clearInt  mmc5983ma.o
    0x08003e48   0x08003e48   0x00000008   Code   RO         5306    i.MMC5983MA_getChipID  mmc5983ma.o
    0x08003e50   0x08003e50   0x00000104   Code   RO         5307    i.MMC5983MA_getOffset  mmc5983ma.o
    0x08003f54   0x08003f54   0x0000002a   Code   RO         5308    i.MMC5983MA_init    mmc5983ma.o
    0x08003f7e   0x08003f7e   0x00000020   Code   RO         5309    i.MMC5983MA_powerDown  mmc5983ma.o
    0x08003f9e   0x08003f9e   0x00000002   PAD
    0x08003fa0   0x08003fa0   0x000000ac   Code   RO         5311    i.MMC5983MA_readData  mmc5983ma.o
    0x0800404c   0x0800404c   0x00000120   Code   RO         5313    i.MMC5983MA_selfTest  mmc5983ma.o
    0x0800416c   0x0800416c   0x00000058   Code   RO          332    i.MX_DMA_Init       dma.o
    0x080041c4   0x080041c4   0x00000050   Code   RO          368    i.MX_FDCAN1_Init    fdcan.o
    0x08004214   0x08004214   0x00000164   Code   RO          281    i.MX_GPIO_Init      gpio.o
    0x08004378   0x08004378   0x00000058   Code   RO          413    i.MX_I2C1_Init      i2c.o
    0x080043d0   0x080043d0   0x00000050   Code   RO          458    i.MX_SPI2_Init      spi.o
    0x08004420   0x08004420   0x0000006c   Code   RO          503    i.MX_TIM16_Init     tim.o
    0x0800448c   0x0800448c   0x000000e0   Code   RO          504    i.MX_TIM17_Init     tim.o
    0x0800456c   0x0800456c   0x00000140   Code   RO          505    i.MX_TIM2_Init      tim.o
    0x080046ac   0x080046ac   0x0000007c   Code   RO          506    i.MX_TIM6_Init      tim.o
    0x08004728   0x08004728   0x0000007c   Code   RO          507    i.MX_TIM7_Init      tim.o
    0x080047a4   0x080047a4   0x00000068   Code   RO          605    i.MX_USART2_UART_Init  usart.o
    0x0800480c   0x0800480c   0x00000134   Code   RO         4965    i.Madgwick_Init     magic.o
    0x08004940   0x08004940   0x00000220   Code   RO         4966    i.Madgwick_Run      magic.o
    0x08004b60   0x08004b60   0x00000002   Code   RO          678    i.MemManage_Handler  stm32g4xx_it.o
    0x08004b62   0x08004b62   0x00000002   Code   RO          679    i.NMI_Handler       stm32g4xx_it.o
    0x08004b64   0x08004b64   0x00000032   Code   RO          508    i.NVIC_EncodePriority  tim.o
    0x08004b96   0x08004b96   0x00000002   PAD
    0x08004b98   0x08004b98   0x00000098   Code   RO         3834    i.OC1Config         stm32g4xx_ll_tim.o
    0x08004c30   0x08004c30   0x000000a0   Code   RO         3835    i.OC2Config         stm32g4xx_ll_tim.o
    0x08004cd0   0x08004cd0   0x0000009c   Code   RO         3836    i.OC3Config         stm32g4xx_ll_tim.o
    0x08004d6c   0x08004d6c   0x000000a0   Code   RO         3837    i.OC4Config         stm32g4xx_ll_tim.o
    0x08004e0c   0x08004e0c   0x00000002   Code   RO          680    i.PendSV_Handler    stm32g4xx_it.o
    0x08004e0e   0x08004e0e   0x00000074   Code   RO         3478    i.SPI_EndRxTransaction  stm32g4xx_hal_spi.o
    0x08004e82   0x08004e82   0x00000048   Code   RO         3479    i.SPI_EndRxTxTransaction  stm32g4xx_hal_spi.o
    0x08004eca   0x08004eca   0x00000034   Code   RO         4719    i.SPI_WR_Byte       icm42688.o
    0x08004efe   0x08004efe   0x00000002   PAD
    0x08004f00   0x08004f00   0x000000e0   Code   RO         3484    i.SPI_WaitFifoStateUntilTimeout  stm32g4xx_hal_spi.o
    0x08004fe0   0x08004fe0   0x000000b8   Code   RO         3485    i.SPI_WaitFlagStateUntilTimeout  stm32g4xx_hal_spi.o
    0x08005098   0x08005098   0x00000002   Code   RO          681    i.SVC_Handler       stm32g4xx_it.o
    0x0800509a   0x0800509a   0x00000002   PAD
    0x0800509c   0x0800509c   0x000000d0   Code   RO         4968    i.Simple_MAF        magic.o
    0x0800516c   0x0800516c   0x00000004   Code   RO          682    i.SysTick_Handler   stm32g4xx_it.o
    0x08005170   0x08005170   0x000000e0   Code   RO           15    i.SystemClock_Config  main.o
    0x08005250   0x08005250   0x00000010   Code   RO         4492    i.SystemInit        system_stm32g4xx.o
    0x08005260   0x08005260   0x00000004   Code   RO          683    i.TIM1_UP_TIM16_IRQHandler  stm32g4xx_it.o
    0x08005264   0x08005264   0x00000060   Code   RO          684    i.TIM6_DAC_IRQHandler  stm32g4xx_it.o
    0x080052c4   0x080052c4   0x0000001c   Code   RO          685    i.TIM7_IRQHandler   stm32g4xx_it.o
    0x080052e0   0x080052e0   0x0000006c   Code   RO         5473    i.Temp_Init         temp.o
    0x0800534c   0x0800534c   0x000000bc   Code   RO         5474    i.Temp_PID_Control  temp.o
    0x08005408   0x08005408   0x00000044   Code   RO         4392    i.UARTEx_SetNbDataToProcess  stm32g4xx_hal_uart_ex.o
    0x0800544c   0x0800544c   0x000000c8   Code   RO         4002    i.UART_AdvFeatureConfig  stm32g4xx_hal_uart.o
    0x08005514   0x08005514   0x00000060   Code   RO         4003    i.UART_CheckIdleState  stm32g4xx_hal_uart.o
    0x08005574   0x08005574   0x00000014   Code   RO         4004    i.UART_DMAAbortOnError  stm32g4xx_hal_uart.o
    0x08005588   0x08005588   0x00000050   Code   RO         4005    i.UART_DMAError     stm32g4xx_hal_uart.o
    0x080055d8   0x080055d8   0x00000042   Code   RO         4010    i.UART_DMATransmitCplt  stm32g4xx_hal_uart.o
    0x0800561a   0x0800561a   0x0000000a   Code   RO         4012    i.UART_DMATxHalfCplt  stm32g4xx_hal_uart.o
    0x08005624   0x08005624   0x00000054   Code   RO         4014    i.UART_EndRxTransfer  stm32g4xx_hal_uart.o
    0x08005678   0x08005678   0x0000002e   Code   RO         4015    i.UART_EndTxTransfer  stm32g4xx_hal_uart.o
    0x080056a6   0x080056a6   0x00000002   PAD
    0x080056a8   0x080056a8   0x00000274   Code   RO         4020    i.UART_SetConfig    stm32g4xx_hal_uart.o
    0x0800591c   0x0800591c   0x000000c6   Code   RO         4027    i.UART_WaitOnFlagUntilTimeout  stm32g4xx_hal_uart.o
    0x080059e2   0x080059e2   0x00000002   PAD
    0x080059e4   0x080059e4   0x0000000c   Code   RO          686    i.USART2_IRQHandler  stm32g4xx_it.o
    0x080059f0   0x080059f0   0x00000068   Code   RO          606    i.USART2_Send       usart.o
    0x08005a58   0x08005a58   0x00000002   Code   RO          687    i.UsageFault_Handler  stm32g4xx_it.o
    0x08005a5a   0x08005a5a   0x00000026   Code   RO        11684    i.__ARM_fpclassifyf  m_wm.l(fpclassifyf.o)
    0x08005a80   0x08005a80   0x0000001a   Code   RO          509    i.__NVIC_EnableIRQ  tim.o
    0x08005a9a   0x08005a9a   0x00000020   Code   RO          510    i.__NVIC_SetPriority  tim.o
    0x08005aba   0x08005aba   0x00000020   Code   RO         2797    i.__NVIC_SetPriority  stm32g4xx_hal_cortex.o
    0x08005ada   0x08005ada   0x00000002   PAD
    0x08005adc   0x08005adc   0x0000012c   Code   RO        11447    i.__hardfp_asinf    m_wm.l(asinf.o)
    0x08005c08   0x08005c08   0x000002ac   Code   RO        11459    i.__hardfp_atan2f   m_wm.l(atan2f.o)
    0x08005eb4   0x08005eb4   0x00000150   Code   RO        11483    i.__hardfp_cosf     m_wm.l(cosf.o)
    0x08006004   0x08006004   0x00000664   Code   RO        11557    i.__hardfp_powf     m_wm.l(powf.o)
    0x08006668   0x08006668   0x000000e0   Code   RO        11571    i.__hardfp_round    m_wm.l(round.o)
    0x08006748   0x08006748   0x00000190   Code   RO        11575    i.__hardfp_sinf     m_wm.l(sinf.o)
    0x080068d8   0x080068d8   0x00000014   Code   RO        11686    i.__mathlib_flt_divzero  m_wm.l(funder.o)
    0x080068ec   0x080068ec   0x00000006   Code   RO        11687    i.__mathlib_flt_infnan  m_wm.l(funder.o)
    0x080068f2   0x080068f2   0x00000006   Code   RO        11688    i.__mathlib_flt_infnan2  m_wm.l(funder.o)
    0x080068f8   0x080068f8   0x00000010   Code   RO        11689    i.__mathlib_flt_invalid  m_wm.l(funder.o)
    0x08006908   0x08006908   0x00000010   Code   RO        11690    i.__mathlib_flt_overflow  m_wm.l(funder.o)
    0x08006918   0x08006918   0x00000010   Code   RO        11692    i.__mathlib_flt_underflow  m_wm.l(funder.o)
    0x08006928   0x08006928   0x00000154   Code   RO        11708    i.__mathlib_rredf2  m_wm.l(rredf.o)
    0x08006a7c   0x08006a7c   0x00000022   Code   RO         5621    i.arm_abs_q15       basicmathfunctions.o
    0x08006a9e   0x08006a9e   0x0000001c   Code   RO         9415    i.arm_mean_q15      statisticsfunctions.o
    0x08006aba   0x08006aba   0x00000034   Code   RO         6800    i.arm_pid_init_q15  controllerfunctions.o
    0x08006aee   0x08006aee   0x00000002   PAD
    0x08006af0   0x08006af0   0x00000060   Code   RO         4721    i.begin             icm42688.o
    0x08006b50   0x08006b50   0x00000038   Code   RO         4723    i.getAccelDataX     icm42688.o
    0x08006b88   0x08006b88   0x00000038   Code   RO         4724    i.getAccelDataY     icm42688.o
    0x08006bc0   0x08006bc0   0x00000038   Code   RO         4725    i.getAccelDataZ     icm42688.o
    0x08006bf8   0x08006bf8   0x00000054   Code   RO         4726    i.getFIFOData       icm42688.o
    0x08006c4c   0x08006c4c   0x00000038   Code   RO         4727    i.getGyroDataX      icm42688.o
    0x08006c84   0x08006c84   0x00000038   Code   RO         4728    i.getGyroDataY      icm42688.o
    0x08006cbc   0x08006cbc   0x00000038   Code   RO         4729    i.getGyroDataZ      icm42688.o
    0x08006cf4   0x08006cf4   0x00000084   Code   RO         4731    i.getTemperature    icm42688.o
    0x08006d78   0x08006d78   0x0000009c   Code   RO         5522    i.led_fill_led_pwm_data  ws2812.o
    0x08006e14   0x08006e14   0x000000a4   Code   RO         5523    i.led_init          ws2812.o
    0x08006eb8   0x08006eb8   0x00000080   Code   RO         5524    i.led_start_transfer  ws2812.o
    0x08006f38   0x08006f38   0x00000110   Code   RO         5525    i.led_update_sequence  ws2812.o
    0x08007048   0x08007048   0x0000007c   Code   RO           16    i.main              main.o
    0x080070c4   0x080070c4   0x0000003c   Code   RO         4734    i.readReg           icm42688.o
    0x08007100   0x08007100   0x00000074   Code   RO         4737    i.setFIFODataMode   icm42688.o
    0x08007174   0x08007174   0x0000014c   Code   RO         4742    i.setODRAndFSR      icm42688.o
    0x080072c0   0x080072c0   0x0000003e   Code   RO        11601    i.sqrtf             m_wm.l(sqrtf.o)
    0x080072fe   0x080072fe   0x00000002   PAD
    0x08007300   0x08007300   0x00000058   Code   RO         4746    i.startAccelMeasure  icm42688.o
    0x08007358   0x08007358   0x00000038   Code   RO         4747    i.startFIFOMode     icm42688.o
    0x08007390   0x08007390   0x00000058   Code   RO         4748    i.startGyroMeasure  icm42688.o
    0x080073e8   0x080073e8   0x00000058   Code   RO         4749    i.startTempMeasure  icm42688.o
    0x08007440   0x08007440   0x00000044   Code   RO         4753    i.writeReg          icm42688.o
    0x08007484   0x08007484   0x00000062   Code   RO        11403    x$fpl$d2f           fz_wm.l(d2f.o)
    0x080074e6   0x080074e6   0x00000002   PAD
    0x080074e8   0x080074e8   0x00000150   Code   RO        11405    x$fpl$dadd          fz_wm.l(daddsub_clz.o)
    0x08007638   0x08007638   0x00000018   Code   RO        11646    x$fpl$dcmpinf       fz_wm.l(dcmpi.o)
    0x08007650   0x08007650   0x000002b0   Code   RO        11412    x$fpl$ddiv          fz_wm.l(ddiv.o)
    0x08007900   0x08007900   0x0000005e   Code   RO        11417    x$fpl$dfix          fz_wm.l(dfix.o)
    0x0800795e   0x0800795e   0x0000002e   Code   RO        11430    x$fpl$dflt          fz_wm.l(dflt_clz.o)
    0x0800798c   0x0800798c   0x00000078   Code   RO        11435    x$fpl$dleqf         fz_wm.l(dleqf.o)
    0x08007a04   0x08007a04   0x0000009c   Code   RO        11648    x$fpl$dnaninf       fz_wm.l(dnaninf.o)
    0x08007aa0   0x08007aa0   0x0000000c   Code   RO        11650    x$fpl$dretinf       fz_wm.l(dretinf.o)
    0x08007aac   0x08007aac   0x0000006c   Code   RO        11439    x$fpl$drleqf        fz_wm.l(drleqf.o)
    0x08007b18   0x08007b18   0x000000b4   Code   RO        11652    x$fpl$drnd          fz_wm.l(drnd.o)
    0x08007bcc   0x08007bcc   0x000001d4   Code   RO        11407    x$fpl$dsub          fz_wm.l(daddsub_clz.o)
    0x08007da0   0x08007da0   0x00000056   Code   RO        11441    x$fpl$f2d           fz_wm.l(f2d.o)
    0x08007df6   0x08007df6   0x0000008c   Code   RO        11656    x$fpl$fnaninf       fz_wm.l(fnaninf.o)
    0x08007e82   0x08007e82   0x0000000a   Code   RO        11975    x$fpl$fpinit        fz_wm.l(fpinit.o)
    0x08007e8c   0x08007e8c   0x0000000a   Code   RO        11658    x$fpl$fretinf       fz_wm.l(fretinf.o)
    0x08007e96   0x08007e96   0x00000000   Code   RO        11664    x$fpl$usenofp       fz_wm.l(usenofp.o)
    0x08007e96   0x08007e96   0x0000001a   Data   RO          511    .constdata          tim.o
    0x08007eb0   0x08007eb0   0x00000010   Data   RO         1115    .constdata          stm32g4xx_hal_fdcan.o
    0x08007ec0   0x08007ec0   0x00000018   Data   RO         4028    .constdata          stm32g4xx_hal_uart.o
    0x08007ed8   0x08007ed8   0x00000010   Data   RO         4393    .constdata          stm32g4xx_hal_uart_ex.o
    0x08007ee8   0x08007ee8   0x00000008   Data   RO         4494    .constdata          system_stm32g4xx.o
    0x08007ef0   0x08007ef0   0x00000020   Data   RO         4548    .constdata          fusionahrs.o
    0x08007f10   0x08007f10   0x000000b8   Data   RO         4970    .constdata          magic.o
    0x08007fc8   0x08007fc8   0x00000006   Data   RO         5528    .constdata          ws2812.o
    0x08007fce   0x08007fce   0x00000002   PAD
    0x08007fd0   0x08007fd0   0x00000140   Data   RO        11560    .constdata          m_wm.l(powf.o)
    0x08008110   0x08008110   0x00000020   Data   RO        11709    .constdata          m_wm.l(rredf.o)
    0x08008130   0x08008130   0x00000020   Data   RO        12054    Region$$Table       anon$$obj.o


    Execution Region RW_IRAM1 (Exec base: 0x20000000, Load base: 0x08008150, Size: 0x000016b0, Max: 0x00008000, ABSOLUTE)

    Exec Addr    Load Addr    Size         Type   Attr      Idx    E Section Name        Object

    0x20000000   0x08008150   0x00000001   Data   RW          608    .data               usart.o
    0x20000001   0x08008151   0x00000003   PAD
    0x20000004   0x08008154   0x0000000c   Data   RW          688    .data               stm32g4xx_it.o
    0x20000010   0x08008160   0x0000000c   Data   RW         1474    .data               stm32g4xx_hal.o
    0x2000001c   0x0800816c   0x00000004   Data   RW         4495    .data               system_stm32g4xx.o
    0x20000020   0x08008170   0x00000030   Data   RW         4754    .data               icm42688.o
    0x20000050   0x080081a0   0x0000000c   Data   RW         4971    .data               magic.o
    0x2000005c   0x080081ac   0x00000010   Data   RW         5429    .data               bsp_fdcan.o
    0x2000006c   0x080081bc   0x00000014   Data   RW         5529    .data               ws2812.o
    0x20000080        -       0x00000064   Zero   RW          369    .bss                fdcan.o
    0x200000e4        -       0x0000004c   Zero   RW          414    .bss                i2c.o
    0x20000130        -       0x00000064   Zero   RW          459    .bss                spi.o
    0x20000194        -       0x000000f0   Zero   RW          607    .bss                usart.o
    0x20000284        -       0x00000250   Zero   RW         4969    .bss                magic.o
    0x200004d4        -       0x0000003c   Zero   RW         5315    .bss                mmc5983ma.o
    0x20000510        -       0x00000690   Zero   RW         5428    .bss                bsp_fdcan.o
    0x20000ba0        -       0x0000002c   Zero   RW         5475    .bss                temp.o
    0x20000bcc        -       0x00000480   Zero   RW         5527    .bss                ws2812.o
    0x2000104c        -       0x00000060   Zero   RW        11761    .bss                c_w.l(libspace.o)
    0x200010ac   0x080081d0   0x00000004   PAD
    0x200010b0        -       0x00000200   Zero   RW            2    HEAP                startup_stm32g431xx.o
    0x200012b0        -       0x00000400   Zero   RW            1    STACK               startup_stm32g431xx.o


==============================================================================

Image component sizes


      Code (inc. data)   RO Data    RW Data    ZI Data      Debug   Object Name

        34          0          0          0          0       1130   basicmathfunctions.o
       352         38          0         16       1680       3089   bsp_fdcan.o
        52          0          0          0          0        663   controllerfunctions.o
       112         16          0          0          0       6874   dma.o
       192         16          0          0        100      22847   fdcan.o
      1920         38         32          0          0      18461   fusionahrs.o
       198         16          0          0          0       5792   fusioncompass.o
       200         12          0          0          0       5926   fusionoffset.o
       380         28          0          0          0      50538   gpio.o
       240         24          0          0         76      22885   i2c.o
      1596        178          0         48          0      26358   icm42688.o
      1554        102        184         12        592     518011   magic.o
       372         48          0          0          0     693617   main.o
      1150         40          0          0         60      15287   mmc5983ma.o
       180         20          0          0        100       1769   spi.o
        64         26        472          0       1536        860   startup_stm32g431xx.o
        28          0          0          0          0       1135   statisticsfunctions.o
       126         20          0         12          0       3789   stm32g4xx_hal.o
       198         14          0          0          0      33943   stm32g4xx_hal_cortex.o
       906         30          0          0          0       6726   stm32g4xx_hal_dma.o
      1116         22         16          0          0       9396   stm32g4xx_hal_fdcan.o
       584         34          0          0          0       1720   stm32g4xx_hal_gpio.o
      1698         40          0          0          0      12374   stm32g4xx_hal_i2c.o
       168          0          0          0          0       1971   stm32g4xx_hal_i2c_ex.o
        48          6          0          0          0        898   stm32g4xx_hal_msp.o
        16          4          0          0          0        583   stm32g4xx_hal_pwr_ex.o
       180         34          0          0          0       3422   stm32g4xx_hal_rcc.o
      2230         10          0          0          0      10829   stm32g4xx_hal_spi.o
      2440        100         24          0          0      33032   stm32g4xx_hal_uart.o
       288          6         16          0          0       5502   stm32g4xx_hal_uart_ex.o
       204         32          0         12          0      58116   stm32g4xx_it.o
       324          6          0          0          0       7335   stm32g4xx_ll_exti.o
       310          0          0          0          0       7383   stm32g4xx_ll_gpio.o
      1268        168          0          0          0      58538   stm32g4xx_ll_tim.o
        42          6          0          0          0       6828   stm32g4xx_ll_utils.o
        16          4          8          4          0       1183   system_stm32g4xx.o
       296         34          0          0         44       5347   temp.o
      1312         94         26          0          0     101904   tim.o
       432         52          0          1        240      24870   usart.o
      1196        120          6         20       1152      66049   ws2812.o

    ----------------------------------------------------------------------
     24066       1438        818        128       5580    1856980   Object Totals
         0          0         32          0          0          0   (incl. Generated)
        44          0          2          3          0          0   (incl. Padding)

    ----------------------------------------------------------------------

      Code (inc. data)   RO Data    RW Data    ZI Data      Debug   Library Member Name

         8          0          0          0          0         68   __main.o
         0          0          0          0          0          0   __rtentry.o
        12          0          0          0          0          0   __rtentry2.o
         6          0          0          0          0          0   __rtentry4.o
        52          8          0          0          0          0   __scatter.o
        26          0          0          0          0          0   __scatter_copy.o
        28          0          0          0          0          0   __scatter_zi.o
        22          0          0          0          0        100   _rserrno.o
        18          0          0          0          0         80   exit.o
         6          0          0          0          0        152   heapauxi.o
         0          0          0          0          0          0   indicate_semi.o
         2          0          0          0          0          0   libinit.o
         6          0          0          0          0          0   libinit2.o
         2          0          0          0          0          0   libshutdown.o
         2          0          0          0          0          0   libshutdown2.o
         8          4          0          0         96         68   libspace.o
       238          0          0          0          0        100   lludivv7m.o
         8          4          0          0          0         68   rt_errno_addr_intlibspace.o
        68          0          0          0          0         68   rt_memclr.o
        78          0          0          0          0         80   rt_memclr_w.o
       138          0          0          0          0         68   rt_memcpy_v6.o
       100          0          0          0          0         80   rt_memcpy_w.o
       132          0          0          0          0         68   rt_memmove_v6.o
       122          0          0          0          0         80   rt_memmove_w.o
         2          0          0          0          0          0   rtexit.o
        10          0          0          0          0          0   rtexit2.o
        12          4          0          0          0         68   sys_exit.o
        74          0          0          0          0         80   sys_stackheap_outer.o
         2          0          0          0          0         68   use_no_semi.o
        98          4          0          0          0        140   d2f.o
       804         16          0          0          0        368   daddsub_clz.o
        24          0          0          0          0        116   dcmpi.o
       688        140          0          0          0        256   ddiv.o
        94          4          0          0          0        140   dfix.o
        46          0          0          0          0        116   dflt_clz.o
       120          4          0          0          0        140   dleqf.o
       156          4          0          0          0        140   dnaninf.o
        12          0          0          0          0        116   dretinf.o
       108          0          0          0          0        128   drleqf.o
       180          4          0          0          0        128   drnd.o
        86          4          0          0          0        132   f2d.o
       140          4          0          0          0        132   fnaninf.o
        10          0          0          0          0        116   fpinit.o
        10          0          0          0          0        116   fretinf.o
         0          0          0          0          0          0   usenofp.o
       300         42          0          0          0        176   asinf.o
       684         90          0          0          0        208   atan2f.o
       336         56          0          0          0        136   cosf.o
        38          0          0          0          0        116   fpclassifyf.o
        80         24          0          0          0        696   funder.o
      1636        110        320          0          0        372   powf.o
       224         30          0          0          0        172   round.o
       340         24         32          0          0        160   rredf.o
       400         56          0          0          0        212   sinf.o
        62          0          0          0          0        136   sqrtf.o

    ----------------------------------------------------------------------
      7868        636        352          0        100       5964   Library Totals
        10          0          0          0          4          0   (incl. Padding)

    ----------------------------------------------------------------------

      Code (inc. data)   RO Data    RW Data    ZI Data      Debug   Library Name

      1182         20          0          0         96       1296   c_w.l
      2576        184          0          0          0       2284   fz_wm.l
      4100        432        352          0          0       2384   m_wm.l

    ----------------------------------------------------------------------
      7868        636        352          0        100       5964   Library Totals

    ----------------------------------------------------------------------

==============================================================================


      Code (inc. data)   RO Data    RW Data    ZI Data      Debug   

     31934       2074       1170        128       5680    1839420   Grand Totals
     31934       2074       1170        128       5680    1839420   ELF Image Totals
     31934       2074       1170        128          0          0   ROM Totals

==============================================================================

    Total RO  Size (Code + RO Data)                33104 (  32.33kB)
    Total RW  Size (RW Data + ZI Data)              5808 (   5.67kB)
    Total ROM Size (Code + RO Data + RW Data)      33232 (  32.45kB)

==============================================================================

